Detected CUDA files, patching ldflags
Emitting ninja build file /data/api-optimization-20260917/build/control/build.ninja...
Building extension module hadamard_out_control...
Using envvar MAX_JOBS (1) as the number of workers...
ninja: no work to do.
Loading extension module hadamard_out_control...
Detected CUDA files, patching ldflags
Emitting ninja build file /data/api-optimization-20260917/build/candidate/build.ninja...
Building extension module hadamard_out_candidate...
Using envvar MAX_JOBS (1) as the number of workers...
ninja: no work to do.
Loading extension module hadamard_out_candidate...
positive 372 PASS
negative 63 PASS
mutation 4 PASS
contexts 24 PASS
round 0 finished
round 1 finished
round 2 finished
{"status": "PASS", "cuda_decision": "ACCEPT", "bytes": 391343, "sha256": "a31cc1dba6d341f09c4caf60258d0847032c231103e4084e3aca51c1ce3e7b9c"}
