Detected CUDA files, patching ldflags
Emitting ninja build file /data/infinitensor-2026/experiments/nvidia-contiguous256-20260906/build/build.ninja...
Building extension module hadamard_contiguous256_20260906...
Using envvar MAX_JOBS (1) as the number of workers...
[1/2] /usr/local/cuda-12.8/bin/nvcc --generate-dependencies-with-compile --dependency-output torch_binding_contiguous256.cuda.o.d -DTORCH_EXTENSION_NAME=hadamard_contiguous256_20260906 -DTORCH_API_INCLUDE_EXTENSION_H -DPYBIND11_COMPILER_TYPE=\"_gcc\" -DPYBIND11_STDLIB=\"_libstdcpp\" -DPYBIND11_BUILD_ABI=\"_cxxabi1016\" -I/data/infinitensor-2026/experiments/nvidia-contiguous256-20260906/sources -isystem /usr/local/lib/python3.12/dist-packages/torch/include -isystem /usr/local/lib/python3.12/dist-packages/torch/include/torch/csrc/api/include -isystem /usr/local/lib/python3.12/dist-packages/torch/include/TH -isystem /usr/local/lib/python3.12/dist-packages/torch/include/THC -isystem /usr/local/cuda-12.8/include -isystem /usr/include/python3.12 -D_GLIBCXX_USE_CXX11_ABI=1 -D__CUDA_NO_HALF_OPERATORS__ -D__CUDA_NO_HALF_CONVERSIONS__ -D__CUDA_NO_BFLOAT16_CONVERSIONS__ -D__CUDA_NO_HALF2_OPERATORS__ --expt-relaxed-constexpr -gencode=arch=compute_89,code=sm_89 --compiler-options '-fPIC' -O3 -std=c++17 -lineinfo -U__CUDA_NO_HALF_OPERATORS__ -U__CUDA_NO_HALF_CONVERSIONS__ -U__CUDA_NO_BFLOAT16_OPERATORS__ -U__CUDA_NO_BFLOAT16_CONVERSIONS__ --expt-relaxed-constexpr -c /data/infinitensor-2026/experiments/nvidia-contiguous256-20260906/sources/torch_binding_contiguous256.cu -o torch_binding_contiguous256.cuda.o 
[2/2] c++ torch_binding_contiguous256.cuda.o -shared -L/usr/local/lib/python3.12/dist-packages/torch/lib -lc10 -lc10_cuda -ltorch_cpu -ltorch_cuda -ltorch -ltorch_python -L/usr/local/cuda-12.8/lib64 -lcudart -o hadamard_contiguous256_20260906.so
Loading extension module hadamard_contiguous256_20260906...
CHECKED {"dtype": "bf16", "dim": 256, "rows": 17, "shape": [17, 256], "normalized": false, "scale": 1.0}
CHECKED {"dtype": "bf16", "dim": 256, "rows": 64, "shape": [64, 256], "normalized": true, "scale": 0.0625}
CHECKED {"dtype": "bf16", "dim": 256, "rows": 1, "shape": [1, 256], "normalized": true, "scale": 0.0625}
CHECKED {"dtype": "fp16", "dim": 256, "rows": 257, "shape": [257, 256], "normalized": false, "scale": 1.0}
CHECKED {"dtype": "bf16", "dim": 256, "rows": 4096, "shape": [4096, 256], "normalized": false, "scale": 1.0}
CHECKED {"dtype": "bf16", "dim": 256, "rows": 16384, "shape": [16384, 256], "normalized": false, "scale": 1.0}
CHECKED {"dtype": "bf16", "dim": 256, "rows": 64, "shape": [64, 256], "normalized": false, "scale": 1.0}
CHECKED {"dtype": "bf16", "dim": 256, "rows": 4096, "shape": [4096, 256], "normalized": true, "scale": 0.0625}
CHECKED {"dtype": "fp16", "dim": 256, "rows": 16384, "shape": [16384, 256], "normalized": true, "scale": 0.0625}
CHECKED {"dtype": "fp16", "dim": 256, "rows": 4096, "shape": [4096, 256], "normalized": false, "scale": 1.0}
CHECKED {"dtype": "bf16", "dim": 256, "rows": 257, "shape": [257, 256], "normalized": false, "scale": 1.0}
CHECKED {"dtype": "fp16", "dim": 256, "rows": 17, "shape": [17, 256], "normalized": true, "scale": 0.0625}
CHECKED {"dtype": "fp16", "dim": 256, "rows": 16384, "shape": [16384, 256], "normalized": false, "scale": 1.0}
CHECKED {"dtype": "fp16", "dim": 256, "rows": 257, "shape": [257, 256], "normalized": true, "scale": 0.0625}
CHECKED {"dtype": "bf16", "dim": 256, "rows": 16384, "shape": [16384, 256], "normalized": true, "scale": 0.0625}
CHECKED {"dtype": "bf16", "dim": 256, "rows": 257, "shape": [257, 256], "normalized": true, "scale": 0.0625}
CHECKED {"dtype": "fp16", "dim": 256, "rows": 64, "shape": [64, 256], "normalized": true, "scale": 0.0625}
CHECKED {"dtype": "fp16", "dim": 256, "rows": 4096, "shape": [4096, 256], "normalized": true, "scale": 0.0625}
CHECKED {"dtype": "fp16", "dim": 256, "rows": 17, "shape": [17, 256], "normalized": false, "scale": 1.0}
CHECKED {"dtype": "bf16", "dim": 256, "rows": 17, "shape": [17, 256], "normalized": true, "scale": 0.0625}
CHECKED {"dtype": "fp16", "dim": 256, "rows": 64, "shape": [64, 256], "normalized": false, "scale": 1.0}
CHECKED {"dtype": "bf16", "dim": 256, "rows": 1, "shape": [1, 256], "normalized": false, "scale": 1.0}
CHECKED {"dtype": "fp16", "dim": 256, "rows": 1, "shape": [1, 256], "normalized": false, "scale": 1.0}
CHECKED {"dtype": "fp16", "dim": 256, "rows": 1, "shape": [1, 256], "normalized": true, "scale": 0.0625}
TIMED {"dtype": "bf16", "dim": 256, "rows": 17, "shape": [17, 256], "normalized": false, "scale": 1.0}
TIMED {"dtype": "bf16", "dim": 256, "rows": 64, "shape": [64, 256], "normalized": true, "scale": 0.0625}
TIMED {"dtype": "bf16", "dim": 256, "rows": 1, "shape": [1, 256], "normalized": true, "scale": 0.0625}
TIMED {"dtype": "fp16", "dim": 256, "rows": 257, "shape": [257, 256], "normalized": false, "scale": 1.0}
TIMED {"dtype": "bf16", "dim": 256, "rows": 4096, "shape": [4096, 256], "normalized": false, "scale": 1.0}
TIMED {"dtype": "bf16", "dim": 256, "rows": 16384, "shape": [16384, 256], "normalized": false, "scale": 1.0}
TIMED {"dtype": "bf16", "dim": 256, "rows": 64, "shape": [64, 256], "normalized": false, "scale": 1.0}
TIMED {"dtype": "bf16", "dim": 256, "rows": 4096, "shape": [4096, 256], "normalized": true, "scale": 0.0625}
TIMED {"dtype": "fp16", "dim": 256, "rows": 16384, "shape": [16384, 256], "normalized": true, "scale": 0.0625}
TIMED {"dtype": "fp16", "dim": 256, "rows": 4096, "shape": [4096, 256], "normalized": false, "scale": 1.0}
TIMED {"dtype": "bf16", "dim": 256, "rows": 257, "shape": [257, 256], "normalized": false, "scale": 1.0}
TIMED {"dtype": "fp16", "dim": 256, "rows": 17, "shape": [17, 256], "normalized": true, "scale": 0.0625}
TIMED {"dtype": "fp16", "dim": 256, "rows": 16384, "shape": [16384, 256], "normalized": false, "scale": 1.0}
TIMED {"dtype": "fp16", "dim": 256, "rows": 257, "shape": [257, 256], "normalized": true, "scale": 0.0625}
TIMED {"dtype": "bf16", "dim": 256, "rows": 16384, "shape": [16384, 256], "normalized": true, "scale": 0.0625}
TIMED {"dtype": "bf16", "dim": 256, "rows": 257, "shape": [257, 256], "normalized": true, "scale": 0.0625}
TIMED {"dtype": "fp16", "dim": 256, "rows": 64, "shape": [64, 256], "normalized": true, "scale": 0.0625}
TIMED {"dtype": "fp16", "dim": 256, "rows": 4096, "shape": [4096, 256], "normalized": true, "scale": 0.0625}
TIMED {"dtype": "fp16", "dim": 256, "rows": 17, "shape": [17, 256], "normalized": false, "scale": 1.0}
TIMED {"dtype": "bf16", "dim": 256, "rows": 17, "shape": [17, 256], "normalized": true, "scale": 0.0625}
TIMED {"dtype": "fp16", "dim": 256, "rows": 64, "shape": [64, 256], "normalized": false, "scale": 1.0}
TIMED {"dtype": "bf16", "dim": 256, "rows": 1, "shape": [1, 256], "normalized": false, "scale": 1.0}
TIMED {"dtype": "fp16", "dim": 256, "rows": 1, "shape": [1, 256], "normalized": false, "scale": 1.0}
TIMED {"dtype": "fp16", "dim": 256, "rows": 1, "shape": [1, 256], "normalized": true, "scale": 0.0625}
{"status": "PASS", "summary": {"unique_configurations": 24, "correctness_input_cases": 336, "stream_checks": 48, "quantization_tie_checks": 4, "graph_comparisons": 48}, "output": "/data/infinitensor-2026/experiments/nvidia-contiguous256-20260906/runs/run1.json"}
