Detected CUDA files, patching ldflags
Emitting ninja build file /data/memory-quantization-final-20260917/build/control/build.ninja...
Building extension module hadamard_quant_control...
Using envvar MAX_JOBS (1) as the number of workers...
[1/2] /usr/local/cuda/bin/nvcc --generate-dependencies-with-compile --dependency-output torch_binding.cuda.o.d -DTORCH_EXTENSION_NAME=hadamard_quant_control -DTORCH_API_INCLUDE_EXTENSION_H -DPYBIND11_COMPILER_TYPE=\"_gcc\" -DPYBIND11_STDLIB=\"_libstdcpp\" -DPYBIND11_BUILD_ABI=\"_cxxabi1016\" -I/data/memory-quantization-final-20260917/control/cuda/03_hadamard_tc/a962695448-rgb/include -isystem /usr/local/lib/python3.12/dist-packages/torch/include -isystem /usr/local/lib/python3.12/dist-packages/torch/include/torch/csrc/api/include -isystem /usr/local/lib/python3.12/dist-packages/torch/include/TH -isystem /usr/local/lib/python3.12/dist-packages/torch/include/THC -isystem /usr/local/cuda/include -isystem /usr/include/python3.12 -D_GLIBCXX_USE_CXX11_ABI=1 -D__CUDA_NO_HALF_OPERATORS__ -D__CUDA_NO_HALF_CONVERSIONS__ -D__CUDA_NO_BFLOAT16_CONVERSIONS__ -D__CUDA_NO_HALF2_OPERATORS__ --expt-relaxed-constexpr -gencode=arch=compute_89,code=sm_89 --compiler-options '-fPIC' -O3 -std=c++17 -lineinfo -U__CUDA_NO_HALF_OPERATORS__ -U__CUDA_NO_HALF_CONVERSIONS__ -U__CUDA_NO_BFLOAT16_OPERATORS__ -U__CUDA_NO_BFLOAT16_CONVERSIONS__ --expt-relaxed-constexpr -c /data/memory-quantization-final-20260917/control/cuda/03_hadamard_tc/a962695448-rgb/src/torch_binding.cu -o torch_binding.cuda.o 
[2/2] c++ torch_binding.cuda.o -shared -L/usr/local/lib/python3.12/dist-packages/torch/lib -lc10 -lc10_cuda -ltorch_cpu -ltorch_cuda -ltorch -ltorch_python -L/usr/local/cuda/lib64 -lcudart -o hadamard_quant_control.so
Loading extension module hadamard_quant_control...
Detected CUDA files, patching ldflags
Emitting ninja build file /data/memory-quantization-final-20260917/build/candidate/build.ninja...
Building extension module hadamard_quant_candidate...
Using envvar MAX_JOBS (1) as the number of workers...
[1/2] /usr/local/cuda/bin/nvcc --generate-dependencies-with-compile --dependency-output torch_binding.cuda.o.d -DTORCH_EXTENSION_NAME=hadamard_quant_candidate -DTORCH_API_INCLUDE_EXTENSION_H -DPYBIND11_COMPILER_TYPE=\"_gcc\" -DPYBIND11_STDLIB=\"_libstdcpp\" -DPYBIND11_BUILD_ABI=\"_cxxabi1016\" -I/data/memory-quantization-final-20260917/candidate/cuda/03_hadamard_tc/a962695448-rgb/include -isystem /usr/local/lib/python3.12/dist-packages/torch/include -isystem /usr/local/lib/python3.12/dist-packages/torch/include/torch/csrc/api/include -isystem /usr/local/lib/python3.12/dist-packages/torch/include/TH -isystem /usr/local/lib/python3.12/dist-packages/torch/include/THC -isystem /usr/local/cuda/include -isystem /usr/include/python3.12 -D_GLIBCXX_USE_CXX11_ABI=1 -D__CUDA_NO_HALF_OPERATORS__ -D__CUDA_NO_HALF_CONVERSIONS__ -D__CUDA_NO_BFLOAT16_CONVERSIONS__ -D__CUDA_NO_HALF2_OPERATORS__ --expt-relaxed-constexpr -gencode=arch=compute_89,code=sm_89 --compiler-options '-fPIC' -O3 -std=c++17 -lineinfo -U__CUDA_NO_HALF_OPERATORS__ -U__CUDA_NO_HALF_CONVERSIONS__ -U__CUDA_NO_BFLOAT16_OPERATORS__ -U__CUDA_NO_BFLOAT16_CONVERSIONS__ --expt-relaxed-constexpr -c /data/memory-quantization-final-20260917/candidate/cuda/03_hadamard_tc/a962695448-rgb/src/torch_binding.cu -o torch_binding.cuda.o 
[2/2] c++ torch_binding.cuda.o -shared -L/usr/local/lib/python3.12/dist-packages/torch/lib -lc10 -lc10_cuda -ltorch_cpu -ltorch_cuda -ltorch -ltorch_python -L/usr/local/cuda/lib64 -lcudart -o hadamard_quant_candidate.so
Loading extension module hadamard_quant_candidate...
packed correctness PASS 700 16
legacy correctness PASS
round 0 finished
round 1 finished
round 2 finished
{'bytes': 798447, 'sha256': 'b5c0147a70c347d111891cc274b97f52b97c28528dea4e35975101b5c047db3c', 'status': 'PASS', 'cuda_decision': 'ACCEPT'}
