Detected CUDA files, patching ldflags
Emitting ninja build file /data/host-attribution-20260917/build/control_a/build.ninja...
Building extension module hd_diag_control_a...
Using envvar MAX_JOBS (1) as the number of workers...
[1/2] /usr/local/cuda/bin/nvcc --generate-dependencies-with-compile --dependency-output torch_binding.cuda.o.d -DTORCH_EXTENSION_NAME=hd_diag_control_a -DTORCH_API_INCLUDE_EXTENSION_H -DPYBIND11_COMPILER_TYPE=\"_gcc\" -DPYBIND11_STDLIB=\"_libstdcpp\" -DPYBIND11_BUILD_ABI=\"_cxxabi1016\" -I/data/host-attribution-20260917/sources/control/include -isystem /usr/local/lib/python3.12/dist-packages/torch/include -isystem /usr/local/lib/python3.12/dist-packages/torch/include/torch/csrc/api/include -isystem /usr/local/lib/python3.12/dist-packages/torch/include/TH -isystem /usr/local/lib/python3.12/dist-packages/torch/include/THC -isystem /usr/local/cuda/include -isystem /usr/include/python3.12 -D_GLIBCXX_USE_CXX11_ABI=1 -D__CUDA_NO_HALF_OPERATORS__ -D__CUDA_NO_HALF_CONVERSIONS__ -D__CUDA_NO_BFLOAT16_CONVERSIONS__ -D__CUDA_NO_HALF2_OPERATORS__ --expt-relaxed-constexpr -gencode=arch=compute_89,code=sm_89 --compiler-options '-fPIC' -O3 -std=c++17 -lineinfo -U__CUDA_NO_HALF_OPERATORS__ -U__CUDA_NO_HALF_CONVERSIONS__ -U__CUDA_NO_BFLOAT16_OPERATORS__ -U__CUDA_NO_BFLOAT16_CONVERSIONS__ --expt-relaxed-constexpr -c /data/host-attribution-20260917/sources/control/src/torch_binding.cu -o torch_binding.cuda.o 
[2/2] c++ torch_binding.cuda.o -shared -L/usr/local/lib/python3.12/dist-packages/torch/lib -lc10 -lc10_cuda -ltorch_cpu -ltorch_cuda -ltorch -ltorch_python -L/usr/local/cuda/lib64 -lcudart -o hd_diag_control_a.so
Loading extension module hd_diag_control_a...
Detected CUDA files, patching ldflags
Emitting ninja build file /data/host-attribution-20260917/build/control_b/build.ninja...
Building extension module hd_diag_control_b...
Using envvar MAX_JOBS (1) as the number of workers...
[1/2] /usr/local/cuda/bin/nvcc --generate-dependencies-with-compile --dependency-output torch_binding.cuda.o.d -DTORCH_EXTENSION_NAME=hd_diag_control_b -DTORCH_API_INCLUDE_EXTENSION_H -DPYBIND11_COMPILER_TYPE=\"_gcc\" -DPYBIND11_STDLIB=\"_libstdcpp\" -DPYBIND11_BUILD_ABI=\"_cxxabi1016\" -I/data/host-attribution-20260917/sources/control/include -isystem /usr/local/lib/python3.12/dist-packages/torch/include -isystem /usr/local/lib/python3.12/dist-packages/torch/include/torch/csrc/api/include -isystem /usr/local/lib/python3.12/dist-packages/torch/include/TH -isystem /usr/local/lib/python3.12/dist-packages/torch/include/THC -isystem /usr/local/cuda/include -isystem /usr/include/python3.12 -D_GLIBCXX_USE_CXX11_ABI=1 -D__CUDA_NO_HALF_OPERATORS__ -D__CUDA_NO_HALF_CONVERSIONS__ -D__CUDA_NO_BFLOAT16_CONVERSIONS__ -D__CUDA_NO_HALF2_OPERATORS__ --expt-relaxed-constexpr -gencode=arch=compute_89,code=sm_89 --compiler-options '-fPIC' -O3 -std=c++17 -lineinfo -U__CUDA_NO_HALF_OPERATORS__ -U__CUDA_NO_HALF_CONVERSIONS__ -U__CUDA_NO_BFLOAT16_OPERATORS__ -U__CUDA_NO_BFLOAT16_CONVERSIONS__ --expt-relaxed-constexpr -c /data/host-attribution-20260917/sources/control/src/torch_binding.cu -o torch_binding.cuda.o 
[2/2] c++ torch_binding.cuda.o -shared -L/usr/local/lib/python3.12/dist-packages/torch/lib -lc10 -lc10_cuda -ltorch_cpu -ltorch_cuda -ltorch -ltorch_python -L/usr/local/cuda/lib64 -lcudart -o hd_diag_control_b.so
Loading extension module hd_diag_control_b...
Detected CUDA files, patching ldflags
Emitting ninja build file /data/host-attribution-20260917/build/candidate/build.ninja...
Building extension module hd_diag_candidate...
Using envvar MAX_JOBS (1) as the number of workers...
[1/2] /usr/local/cuda/bin/nvcc --generate-dependencies-with-compile --dependency-output torch_binding.cuda.o.d -DTORCH_EXTENSION_NAME=hd_diag_candidate -DTORCH_API_INCLUDE_EXTENSION_H -DPYBIND11_COMPILER_TYPE=\"_gcc\" -DPYBIND11_STDLIB=\"_libstdcpp\" -DPYBIND11_BUILD_ABI=\"_cxxabi1016\" -I/data/host-attribution-20260917/sources/candidate/include -isystem /usr/local/lib/python3.12/dist-packages/torch/include -isystem /usr/local/lib/python3.12/dist-packages/torch/include/torch/csrc/api/include -isystem /usr/local/lib/python3.12/dist-packages/torch/include/TH -isystem /usr/local/lib/python3.12/dist-packages/torch/include/THC -isystem /usr/local/cuda/include -isystem /usr/include/python3.12 -D_GLIBCXX_USE_CXX11_ABI=1 -D__CUDA_NO_HALF_OPERATORS__ -D__CUDA_NO_HALF_CONVERSIONS__ -D__CUDA_NO_BFLOAT16_CONVERSIONS__ -D__CUDA_NO_HALF2_OPERATORS__ --expt-relaxed-constexpr -gencode=arch=compute_89,code=sm_89 --compiler-options '-fPIC' -O3 -std=c++17 -lineinfo -U__CUDA_NO_HALF_OPERATORS__ -U__CUDA_NO_HALF_CONVERSIONS__ -U__CUDA_NO_BFLOAT16_OPERATORS__ -U__CUDA_NO_BFLOAT16_CONVERSIONS__ --expt-relaxed-constexpr -c /data/host-attribution-20260917/sources/candidate/src/torch_binding.cu -o torch_binding.cuda.o 
[2/2] c++ torch_binding.cuda.o -shared -L/usr/local/lib/python3.12/dist-packages/torch/lib -lc10 -lc10_cuda -ltorch_cpu -ltorch_cuda -ltorch -ltorch_python -L/usr/local/cuda/lib64 -lcudart -o hd_diag_candidate.so
Loading extension module hd_diag_candidate...
process 0 finished
process 1 finished
process 2 finished
{'bytes': 2639166, 'sha256': '22f6e2e8819865e35ddc3c33ba8564601045bda010c04feac55f9047b06f5163', 'status': 'PASS'}
