[  2%] [34m[1mCreating directories for 'ascend_div_probe_kernel_precompile'[0m
[  4%] [34m[1mNo download step for 'ascend_div_probe_kernel_precompile'[0m
[  6%] [34m[1mNo update step for 'ascend_div_probe_kernel_precompile'[0m
[  9%] [34m[1mNo patch step for 'ascend_div_probe_kernel_precompile'[0m
[ 11%] [34m[1mPerforming configure step for 'ascend_div_probe_kernel_precompile'[0m
-- The C compiler identification is GNU 12.3.1
-- The CXX compiler identification is GNU 12.3.1
-- Detecting C compiler ABI info
-- Detecting C compiler ABI info - done
-- Check for working C compiler: /usr/bin/cc - skipped
-- Detecting C compile features
-- Detecting C compile features - done
-- Detecting CXX compiler ABI info
-- Detecting CXX compiler ABI info - done
-- Check for working CXX compiler: /usr/bin/c++ - skipped
-- Detecting CXX compile features
-- Detecting CXX compile features - done
-- Configuring done (0.6s)
-- Generating done (0.0s)
[33mCMake Warning:
  Manually-specified variables were not used by the project:

    DYNAMIC_MODE
    INCLUDE_DIR

[0m
-- Build files have been written to: /data/infinitensor-2026/build/ascend_div_vector/ascend_div_probe_kernel_precompile-prefix/src/ascend_div_probe_kernel_precompile-build
[ 13%] [34m[1mPerforming build step for 'ascend_div_probe_kernel_precompile'[0m
[100%] [32mBuilding CXX object CMakeFiles/precompile_obj.dir/data/infinitensor-2026/tools/ascend_div_probe/kernel.cpp.o[0m
[100%] Built target precompile_obj
[100%] Built target check_src_template
[ 15%] [34m[1mNo install step for 'ascend_div_probe_kernel_precompile'[0m
[ 18%] [34m[1mCompleted 'ascend_div_probe_kernel_precompile'[0m
[ 18%] Built target ascend_div_probe_kernel_precompile
[ 20%] [34m[1mCreating directories for 'ascend_div_probe_kernel_preprocess'[0m
[ 22%] [34m[1mNo download step for 'ascend_div_probe_kernel_preprocess'[0m
[ 25%] [34m[1mNo update step for 'ascend_div_probe_kernel_preprocess'[0m
[ 27%] [34m[1mNo patch step for 'ascend_div_probe_kernel_preprocess'[0m
[ 29%] [34m[1mPerforming configure step for 'ascend_div_probe_kernel_preprocess'[0m
-- The C compiler identification is GNU 12.3.1
-- The CXX compiler identification is GNU 12.3.1
-- Detecting C compiler ABI info
-- Detecting C compiler ABI info - done
-- Check for working C compiler: /usr/bin/cc - skipped
-- Detecting C compile features
-- Detecting C compile features - done
-- Detecting CXX compiler ABI info
-- Detecting CXX compiler ABI info - done
-- Check for working CXX compiler: /usr/bin/c++ - skipped
-- Detecting CXX compile features
-- Detecting CXX compile features - done
-- Configuring done (0.6s)
-- Generating done (0.0s)
-- Build files have been written to: /data/infinitensor-2026/build/ascend_div_vector/ascend_div_probe_kernel_preprocess-prefix/src/ascend_div_probe_kernel_preprocess-build
[ 31%] [34m[1mPerforming build step for 'ascend_div_probe_kernel_preprocess'[0m
[ 33%] [32mBuilding CXX object CMakeFiles/preprocess_obj.dir/data/infinitensor-2026/tools/ascend_div_probe/kernel.cpp.o[0m
[ 66%] [32mBuilding CXX object CMakeFiles/aiv_obj.dir/data/infinitensor-2026/tools/ascend_div_probe/kernel.cpp.o[0m
[ 66%] Built target preprocess_obj
[100%] [32mBuilding CXX object CMakeFiles/aic_obj.dir/data/infinitensor-2026/tools/ascend_div_probe/kernel.cpp.o[0m
[100%] Built target aiv_obj
/usr/local/Ascend/cann-9.0.0/aarch64-linux/ccec_compiler/bin/ld.lld -m aicorelinux -Ttext=0 /data/infinitensor-2026/build/ascend_div_vector/ascend_div_probe_kernel_preprocess-prefix/src/ascend_div_probe_kernel_preprocess-build/CMakeFiles/aiv_obj.dir/data/infinitensor-2026/tools/ascend_div_probe/kernel.cpp.o -o /data/infinitensor-2026/build/ascend_div_vector/ascend_div_probe_kernel_preprocess-prefix/src/ascend_div_probe_kernel_preprocess-build/CMakeFiles/aiv_obj.dir/data/infinitensor-2026/tools/ascend_div_probe/kernel.cpp.o[100%] Built target merge_aiv_obj_text
[100%] Built target aic_obj
/usr/local/Ascend/cann-9.0.0/aarch64-linux/ccec_compiler/bin/ld.lld -m aicorelinux -Ttext=0 /data/infinitensor-2026/build/ascend_div_vector/ascend_div_probe_kernel_preprocess-prefix/src/ascend_div_probe_kernel_preprocess-build/CMakeFiles/aic_obj.dir/data/infinitensor-2026/tools/ascend_div_probe/kernel.cpp.o -o /data/infinitensor-2026/build/ascend_div_vector/ascend_div_probe_kernel_preprocess-prefix/src/ascend_div_probe_kernel_preprocess-build/CMakeFiles/aic_obj.dir/data/infinitensor-2026/tools/ascend_div_probe/kernel.cpp.o[100%] Built target merge_aic_obj_text
[100%] Built target _host_cpp
[ 34%] [34m[1mNo install step for 'ascend_div_probe_kernel_preprocess'[0m
[ 36%] [34m[1mCompleted 'ascend_div_probe_kernel_preprocess'[0m
[ 36%] Built target ascend_div_probe_kernel_preprocess
[ 38%] [34m[1mCreating directories for 'ascend_div_probe_kernel_aiv_device'[0m
[ 40%] [34m[1mCreating directories for 'ascend_div_probe_kernel_aic_device'[0m
[ 43%] [34m[1mNo download step for 'ascend_div_probe_kernel_aiv_device'[0m
[ 45%] [34m[1mNo download step for 'ascend_div_probe_kernel_aic_device'[0m
[ 47%] [34m[1mNo update step for 'ascend_div_probe_kernel_aic_device'[0m
[ 50%] [34m[1mNo update step for 'ascend_div_probe_kernel_aiv_device'[0m
[ 52%] [34m[1mNo patch step for 'ascend_div_probe_kernel_aic_device'[0m
[ 54%] [34m[1mNo patch step for 'ascend_div_probe_kernel_aiv_device'[0m
[ 56%] [34m[1mPerforming configure step for 'ascend_div_probe_kernel_aic_device'[0m
[ 59%] [34m[1mPerforming configure step for 'ascend_div_probe_kernel_aiv_device'[0m
-- The C compiler identification is GNU 12.3.1
-- The C compiler identification is GNU 12.3.1
-- The CXX compiler identification is GNU 12.3.1
-- The CXX compiler identification is GNU 12.3.1
-- Detecting C compiler ABI info
-- Detecting C compiler ABI info
-- Detecting C compiler ABI info - done
-- Detecting C compiler ABI info - done
-- Check for working C compiler: /usr/bin/cc - skipped
-- Detecting C compile features
-- Detecting C compile features - done
-- Check for working C compiler: /usr/bin/cc - skipped
-- Detecting C compile features
-- Detecting C compile features - done
-- Detecting CXX compiler ABI info
-- Detecting CXX compiler ABI info
-- Detecting CXX compiler ABI info - done
-- Detecting CXX compiler ABI info - done
-- Check for working CXX compiler: /usr/bin/c++ - skipped
-- Detecting CXX compile features
-- Detecting CXX compile features - done
-- Configuring done (0.7s)
-- Generating done (0.0s)
[33mCMake Warning:
  Manually-specified variables were not used by the project:

    BUILD_MODE

[0m
-- Check for working CXX compiler: /usr/bin/c++ - skipped
-- Build files have been written to: /data/infinitensor-2026/build/ascend_div_vector/ascend_div_probe_kernel_aic_device-prefix/src/ascend_div_probe_kernel_aic_device-build
-- Detecting CXX compile features
-- Detecting CXX compile features - done
-- Configuring done (0.7s)
-- Generating done (0.0s)
-- Build files have been written to: /data/infinitensor-2026/build/ascend_div_vector/ascend_div_probe_kernel_aiv_device-prefix/src/ascend_div_probe_kernel_aiv_device-build
[ 61%] [34m[1mPerforming build step for 'ascend_div_probe_kernel_aic_device'[0m
[ 63%] [34m[1mPerforming build step for 'ascend_div_probe_kernel_aiv_device'[0m
[ 65%] [34m[1mNo install step for 'ascend_div_probe_kernel_aic_device'[0m
[100%] [32mBuilding CXX object CMakeFiles/device_aiv_obj.dir/data/infinitensor-2026/build/ascend_div_vector/auto_gen/ascend_div_probe_kernel/auto_gen_kernel.cpp.o[0m
[ 68%] [34m[1mCompleted 'ascend_div_probe_kernel_aic_device'[0m
[ 68%] Built target ascend_div_probe_kernel_aic_device
[ 70%] [34m[1mCreating directories for 'ascend_div_probe_kernel_host'[0m
[ 72%] [34m[1mNo download step for 'ascend_div_probe_kernel_host'[0m
[ 75%] [34m[1mNo update step for 'ascend_div_probe_kernel_host'[0m
[ 77%] [34m[1mNo patch step for 'ascend_div_probe_kernel_host'[0m
[ 79%] [34m[1mPerforming configure step for 'ascend_div_probe_kernel_host'[0m
-- The C compiler identification is GNU 12.3.1
-- The CXX compiler identification is GNU 12.3.1
-- Detecting C compiler ABI info
-- Detecting C compiler ABI info - done
-- Check for working C compiler: /usr/bin/cc - skipped
-- Detecting C compile features
-- Detecting C compile features - done
-- Detecting CXX compiler ABI info
-- Detecting CXX compiler ABI info - done
-- Check for working CXX compiler: /usr/bin/c++ - skipped
-- Detecting CXX compile features
-- Detecting CXX compile features - done
-- Configuring done (0.6s)
-- Generating done (0.0s)
[33mCMake Warning:
  Manually-specified variables were not used by the project:

    ASCEND_PYTHON_EXECUTABLE

[0m
-- Build files have been written to: /data/infinitensor-2026/build/ascend_div_vector/ascend_div_probe_kernel_host-prefix/src/ascend_div_probe_kernel_host-build
[ 81%] [34m[1mPerforming build step for 'ascend_div_probe_kernel_host'[0m
[100%] [32mBuilding CXX object CMakeFiles/host_bisheng_obj.dir/data/infinitensor-2026/tools/ascend_div_probe/kernel.cpp.o[0m
[100%] Built target host_bisheng_obj
[ 84%] [34m[1mPerforming install step for 'ascend_div_probe_kernel_host'[0m
[100%] [32mBuilding CXX object CMakeFiles/host_bisheng_obj.dir/data/infinitensor-2026/tools/ascend_div_probe/kernel.cpp.o[0m
[100%] Built target device_aiv_obj
/usr/local/Ascend/cann-9.0.0/aarch64-linux/ccec_compiler/bin/ld.lld  -m aicorelinux -r  -Ttext=0 /data/infinitensor-2026/build/ascend_div_vector/ascend_div_probe_kernel_aiv_device-prefix/src/ascend_div_probe_kernel_aiv_device-build/CMakeFiles/device_aiv_obj.dir/data/infinitensor-2026/build/ascend_div_vector/auto_gen/ascend_div_probe_kernel/auto_gen_kernel.cpp.o -static -o /data/infinitensor-2026/build/ascend_div_vector/ascend_div_probe_kernel_aiv_device_dir/device_aiv.o
[100%] Built target merge_aiv_device_obj
[ 86%] [34m[1mNo install step for 'ascend_div_probe_kernel_aiv_device'[0m
[ 88%] [34m[1mCompleted 'ascend_div_probe_kernel_aiv_device'[0m
[ 88%] Built target ascend_div_probe_kernel_aiv_device
/usr/local/Ascend/cann-9.0.0/aarch64-linux/ccec_compiler/bin/ld.lld -x -m aicorelinux   -Ttext=0 /data/infinitensor-2026/build/ascend_div_vector/ascend_div_probe_kernel_aiv_device_dir/device_aiv.o -static -o /data/infinitensor-2026/build/ascend_div_vector/ascend_div_probe_kernel_merge_obj_dir/device_aiv.o
[ 88%] Built target ascend_div_probe_kernel_merge_obj
[ 90%] [32mBuilding CXX object CMakeFiles/ascend_div_probe_kernel_host_stub_obj.dir/auto_gen/ascend_div_probe_kernel/host_stub.cpp.o[0m
[100%] Built target host_bisheng_obj
[ 90%] Built target ascend_div_probe_kernel_host_stub_obj
[36mInstall the project...[0m
-- Install configuration: "Release"
-- Installing: /data/infinitensor-2026/build/ascend_div_vector/ascend_div_probe_kernel_host_dir/./objects-Release/host_bisheng_obj/data/infinitensor-2026/tools/ascend_div_probe/kernel.cpp.o
[ 93%] [34m[1mCompleted 'ascend_div_probe_kernel_host'[0m
[ 93%] Built target ascend_div_probe_kernel_host
[ 95%] [32m[1mLinking CXX static library lib/libascend_div_probe_kernel.a[0m
/usr/local/Ascend/cann-9.0.0/bin/ascendc_pack_kernel /data/infinitensor-2026/build/ascend_div_vector/CMakeFiles/ascend_div_probe_kernel_host_stub_obj.dir/auto_gen/ascend_div_probe_kernel/host_stub.cpp.o /data/infinitensor-2026/build/ascend_div_vector/ascend_div_probe_kernel_merge_obj_dir/device_aiv.o 1 /data/infinitensor-2026/build/ascend_div_vector/CMakeFiles/ascend_div_probe_kernel_host_stub_obj.dir/auto_gen/ascend_div_probe_kernel/host_stub.cpp.o
recompile: /usr/bin/ar qc lib/libascend_div_probe_kernel.a CMakeFiles/ascend_div_probe_kernel_host_stub_obj.dir/auto_gen/ascend_div_probe_kernel/host_stub.cpp.o /data/infinitensor-2026/build/ascend_div_vector/ascend_div_probe_kernel_host_dir/objects-Release/host_bisheng_obj/data/infinitensor-2026/tools/ascend_div_probe/kernel.cpp.o  ascendc_runtime.cpp.o aicpu_rt.cpp.o ascendc_elf_tool.c.o
recompile: /usr/bin/ranlib lib/libascend_div_probe_kernel.a
[ 95%] Built target ascend_div_probe_kernel
[ 97%] [32mBuilding CXX object CMakeFiles/ascend_div_probe.dir/main.cpp.o[0m
[100%] [32m[1mLinking CXX executable ascend_div_probe[0m
[100%] Built target ascend_div_probe
