Detected CUDA files, patching ldflags
Emitting ninja build file /home/vipuser/infinitensor-2026/a100-eager-20260908/calibration/build/base/build.ninja...
Building extension module infinitensor_hadamard_cuda...
Using envvar MAX_JOBS (1) as the number of workers...
[1/2] /usr/local/cuda/bin/nvcc --generate-dependencies-with-compile --dependency-output torch_binding.cuda.o.d -DTORCH_EXTENSION_NAME=infinitensor_hadamard_cuda -DTORCH_API_INCLUDE_EXTENSION_H -DPYBIND11_COMPILER_TYPE=\"_gcc\" -DPYBIND11_STDLIB=\"_libstdcpp\" -DPYBIND11_BUILD_ABI=\"_cxxabi1011\" -I/home/vipuser/infinitensor-2026/a100-eager-20260908/calibration/project/include -isystem /home/vipuser/miniconda3/lib/python3.12/site-packages/torch/include -isystem /home/vipuser/miniconda3/lib/python3.12/site-packages/torch/include/torch/csrc/api/include -isystem /home/vipuser/miniconda3/lib/python3.12/site-packages/torch/include/TH -isystem /home/vipuser/miniconda3/lib/python3.12/site-packages/torch/include/THC -isystem /usr/local/cuda/include -isystem /home/vipuser/miniconda3/include/python3.12 -D_GLIBCXX_USE_CXX11_ABI=0 -D__CUDA_NO_HALF_OPERATORS__ -D__CUDA_NO_HALF_CONVERSIONS__ -D__CUDA_NO_BFLOAT16_CONVERSIONS__ -D__CUDA_NO_HALF2_OPERATORS__ --expt-relaxed-constexpr -gencode=arch=compute_80,code=sm_80 --compiler-options '-fPIC' -O3 -std=c++17 -lineinfo -U__CUDA_NO_HALF_OPERATORS__ -U__CUDA_NO_HALF_CONVERSIONS__ -U__CUDA_NO_BFLOAT16_OPERATORS__ -U__CUDA_NO_BFLOAT16_CONVERSIONS__ --expt-relaxed-constexpr -c /home/vipuser/infinitensor-2026/a100-eager-20260908/calibration/project/src/torch_binding.cu -o torch_binding.cuda.o 
[2/2] c++ torch_binding.cuda.o -shared -L/home/vipuser/miniconda3/lib/python3.12/site-packages/torch/lib -lc10 -lc10_cuda -ltorch_cpu -ltorch_cuda -ltorch -ltorch_python -L/usr/local/cuda/lib64 -lcudart -o infinitensor_hadamard_cuda.so
Loading extension module infinitensor_hadamard_cuda...
Detected CUDA files, patching ldflags
Emitting ninja build file /home/vipuser/infinitensor-2026/a100-eager-20260908/calibration/build/candidate/build.ninja...
Building extension module infinitensor_packed_rows_experiment...
Using envvar MAX_JOBS (1) as the number of workers...
[1/2] /usr/local/cuda/bin/nvcc --generate-dependencies-with-compile --dependency-output candidate_binding.cuda.o.d -DTORCH_EXTENSION_NAME=infinitensor_packed_rows_experiment -DTORCH_API_INCLUDE_EXTENSION_H -DPYBIND11_COMPILER_TYPE=\"_gcc\" -DPYBIND11_STDLIB=\"_libstdcpp\" -DPYBIND11_BUILD_ABI=\"_cxxabi1011\" -I/home/vipuser/infinitensor-2026/a100-eager-20260908/calibration -I/home/vipuser/infinitensor-2026/a100-eager-20260908/calibration/project/include -isystem /home/vipuser/miniconda3/lib/python3.12/site-packages/torch/include -isystem /home/vipuser/miniconda3/lib/python3.12/site-packages/torch/include/torch/csrc/api/include -isystem /home/vipuser/miniconda3/lib/python3.12/site-packages/torch/include/TH -isystem /home/vipuser/miniconda3/lib/python3.12/site-packages/torch/include/THC -isystem /usr/local/cuda/include -isystem /home/vipuser/miniconda3/include/python3.12 -D_GLIBCXX_USE_CXX11_ABI=0 -D__CUDA_NO_HALF_OPERATORS__ -D__CUDA_NO_HALF_CONVERSIONS__ -D__CUDA_NO_BFLOAT16_CONVERSIONS__ -D__CUDA_NO_HALF2_OPERATORS__ --expt-relaxed-constexpr -gencode=arch=compute_80,code=sm_80 --compiler-options '-fPIC' -O3 -std=c++17 -lineinfo -U__CUDA_NO_HALF_OPERATORS__ -U__CUDA_NO_HALF_CONVERSIONS__ -U__CUDA_NO_BFLOAT16_OPERATORS__ -U__CUDA_NO_BFLOAT16_CONVERSIONS__ --expt-relaxed-constexpr -c /home/vipuser/infinitensor-2026/a100-eager-20260908/calibration/candidate_binding.cu -o candidate_binding.cuda.o 
[2/2] c++ candidate_binding.cuda.o -shared -L/home/vipuser/miniconda3/lib/python3.12/site-packages/torch/lib -lc10 -lc10_cuda -ltorch_cpu -ltorch_cuda -ltorch -ltorch_python -L/usr/local/cuda/lib64 -lcudart -o infinitensor_packed_rows_experiment.so
Loading extension module infinitensor_packed_rows_experiment...
CHECKED {"dtype": "bf16", "rows": 4096, "dim": 8, "scale": 1.0}
CHECKED {"dtype": "bf16", "rows": 2, "dim": 16, "scale": 1.0}
CHECKED {"dtype": "fp16", "rows": 1, "dim": 16, "scale": 1.0}
CHECKED {"dtype": "bf16", "rows": 4096, "dim": 2, "scale": 1.0}
CHECKED {"dtype": "fp16", "rows": 2, "dim": 2, "scale": 0.7071067811865475}
CHECKED {"dtype": "bf16", "rows": 128, "dim": 2, "scale": 0.7071067811865475}
CHECKED {"dtype": "bf16", "rows": 255, "dim": 2, "scale": 1.0}
CHECKED {"dtype": "bf16", "rows": 3, "dim": 8, "scale": 1.0}
CHECKED {"dtype": "fp16", "rows": 63, "dim": 1, "scale": 1.0}
CHECKED {"dtype": "fp16", "rows": 257, "dim": 2, "scale": 0.7071067811865475}
CHECKED {"dtype": "bf16", "rows": 16, "dim": 16, "scale": 1.0}
CHECKED {"dtype": "fp16", "rows": 4095, "dim": 1, "scale": 1.0}
CHECKED {"dtype": "fp16", "rows": 16384, "dim": 8, "scale": 1.0}
CHECKED {"dtype": "fp16", "rows": 127, "dim": 16, "scale": 0.25}
CHECKED {"dtype": "bf16", "rows": 16384, "dim": 16, "scale": 1.0}
CHECKED {"dtype": "bf16", "rows": 127, "dim": 4, "scale": 0.5}
CHECKED {"dtype": "fp16", "rows": 128, "dim": 2, "scale": 0.7071067811865475}
CHECKED {"dtype": "bf16", "rows": 33, "dim": 16, "scale": 1.0}
CHECKED {"dtype": "fp16", "rows": 63, "dim": 4, "scale": 1.0}
CHECKED {"dtype": "bf16", "rows": 4097, "dim": 2, "scale": 1.0}
CHECKED {"dtype": "fp16", "rows": 64, "dim": 8, "scale": 1.0}
CHECKED {"dtype": "fp16", "rows": 128, "dim": 8, "scale": 0.35355339059327373}
CHECKED {"dtype": "bf16", "rows": 257, "dim": 8, "scale": 0.35355339059327373}
CHECKED {"dtype": "fp16", "rows": 256, "dim": 16, "scale": 1.0}
CHECKED {"dtype": "bf16", "rows": 18, "dim": 2, "scale": 1.0}
CHECKED {"dtype": "bf16", "rows": 1, "dim": 8, "scale": 1.0}
CHECKED {"dtype": "bf16", "rows": 65, "dim": 4, "scale": 1.0}
CHECKED {"dtype": "fp16", "rows": 255, "dim": 4, "scale": 1.0}
CHECKED {"dtype": "bf16", "rows": 4097, "dim": 2, "scale": 0.7071067811865475}
CHECKED {"dtype": "bf16", "rows": 127, "dim": 4, "scale": 1.0}
CHECKED {"dtype": "bf16", "rows": 63, "dim": 2, "scale": 0.7071067811865475}
CHECKED {"dtype": "bf16", "rows": 1, "dim": 1, "scale": 1.0}
CHECKED {"dtype": "bf16", "rows": 4096, "dim": 8, "scale": 0.35355339059327373}
CHECKED {"dtype": "fp16", "rows": 18, "dim": 2, "scale": 0.7071067811865475}
CHECKED {"dtype": "bf16", "rows": 33, "dim": 8, "scale": 1.0}
CHECKED {"dtype": "bf16", "rows": 4095, "dim": 8, "scale": 0.35355339059327373}
CHECKED {"dtype": "bf16", "rows": 4097, "dim": 1, "scale": 1.0}
CHECKED {"dtype": "bf16", "rows": 4097, "dim": 4, "scale": 0.5}
CHECKED {"dtype": "fp16", "rows": 33, "dim": 4, "scale": 0.5}
CHECKED {"dtype": "fp16", "rows": 32, "dim": 1, "scale": 1.0}
CHECKED {"dtype": "bf16", "rows": 16384, "dim": 8, "scale": 0.35355339059327373}
CHECKED {"dtype": "bf16", "rows": 4095, "dim": 2, "scale": 1.0}
CHECKED {"dtype": "fp16", "rows": 257, "dim": 2, "scale": 1.0}
CHECKED {"dtype": "bf16", "rows": 17, "dim": 2, "scale": 1.0}
CHECKED {"dtype": "fp16", "rows": 64, "dim": 16, "scale": 1.0}
CHECKED {"dtype": "fp16", "rows": 4, "dim": 8, "scale": 0.35355339059327373}
CHECKED {"dtype": "bf16", "rows": 16383, "dim": 2, "scale": 0.7071067811865475}
CHECKED {"dtype": "bf16", "rows": 16385, "dim": 2, "scale": 1.0}
CHECKED {"dtype": "fp16", "rows": 4095, "dim": 8, "scale": 0.35355339059327373}
CHECKED {"dtype": "fp16", "rows": 128, "dim": 8, "scale": 1.0}
CHECKED {"dtype": "fp16", "rows": 17, "dim": 2, "scale": 0.7071067811865475}
CHECKED {"dtype": "fp16", "rows": 255, "dim": 16, "scale": 0.25}
CHECKED {"dtype": "fp16", "rows": 4095, "dim": 16, "scale": 0.25}
CHECKED {"dtype": "bf16", "rows": 33, "dim": 8, "scale": 0.35355339059327373}
CHECKED {"dtype": "bf16", "rows": 127, "dim": 16, "scale": 1.0}
CHECKED {"dtype": "bf16", "rows": 32, "dim": 16, "scale": 0.25}
CHECKED {"dtype": "bf16", "rows": 4095, "dim": 4, "scale": 1.0}
CHECKED {"dtype": "bf16", "rows": 127, "dim": 1, "scale": 1.0}
CHECKED {"dtype": "bf16", "rows": 2, "dim": 16, "scale": 0.25}
CHECKED {"dtype": "fp16", "rows": 65, "dim": 8, "scale": 1.0}
CHECKED {"dtype": "fp16", "rows": 4097, "dim": 1, "scale": 1.0}
CHECKED {"dtype": "bf16", "rows": 4096, "dim": 16, "scale": 0.25}
CHECKED {"dtype": "fp16", "rows": 18, "dim": 8, "scale": 0.35355339059327373}
CHECKED {"dtype": "fp16", "rows": 3, "dim": 8, "scale": 1.0}
CHECKED {"dtype": "bf16", "rows": 16385, "dim": 16, "scale": 1.0}
CHECKED {"dtype": "fp16", "rows": 2, "dim": 4, "scale": 0.5}
CHECKED {"dtype": "bf16", "rows": 257, "dim": 16, "scale": 1.0}
CHECKED {"dtype": "bf16", "rows": 65, "dim": 1, "scale": 1.0}
CHECKED {"dtype": "fp16", "rows": 16385, "dim": 16, "scale": 1.0}
CHECKED {"dtype": "bf16", "rows": 128, "dim": 16, "scale": 0.25}
CHECKED {"dtype": "fp16", "rows": 3, "dim": 8, "scale": 0.35355339059327373}
CHECKED {"dtype": "bf16", "rows": 18, "dim": 16, "scale": 1.0}
CHECKED {"dtype": "bf16", "rows": 127, "dim": 16, "scale": 0.25}
CHECKED {"dtype": "bf16", "rows": 63, "dim": 4, "scale": 1.0}
CHECKED {"dtype": "bf16", "rows": 64, "dim": 16, "scale": 0.25}
CHECKED {"dtype": "bf16", "rows": 32, "dim": 4, "scale": 0.5}
CHECKED {"dtype": "fp16", "rows": 129, "dim": 2, "scale": 1.0}
CHECKED {"dtype": "fp16", "rows": 32, "dim": 8, "scale": 1.0}
CHECKED {"dtype": "bf16", "rows": 16384, "dim": 2, "scale": 0.7071067811865475}
CHECKED {"dtype": "fp16", "rows": 4096, "dim": 8, "scale": 0.35355339059327373}
CHECKED {"dtype": "fp16", "rows": 4097, "dim": 8, "scale": 1.0}
CHECKED {"dtype": "bf16", "rows": 65, "dim": 4, "scale": 0.5}
CHECKED {"dtype": "bf16", "rows": 4, "dim": 2, "scale": 0.7071067811865475}
CHECKED {"dtype": "fp16", "rows": 16385, "dim": 8, "scale": 1.0}
CHECKED {"dtype": "fp16", "rows": 4097, "dim": 16, "scale": 0.25}
CHECKED {"dtype": "bf16", "rows": 129, "dim": 16, "scale": 1.0}
CHECKED {"dtype": "fp16", "rows": 127, "dim": 1, "scale": 1.0}
CHECKED {"dtype": "bf16", "rows": 65, "dim": 8, "scale": 1.0}
CHECKED {"dtype": "bf16", "rows": 255, "dim": 2, "scale": 0.7071067811865475}
CHECKED {"dtype": "bf16", "rows": 16384, "dim": 16, "scale": 0.25}
CHECKED {"dtype": "bf16", "rows": 255, "dim": 4, "scale": 1.0}
CHECKED {"dtype": "fp16", "rows": 4097, "dim": 4, "scale": 1.0}
CHECKED {"dtype": "fp16", "rows": 33, "dim": 2, "scale": 0.7071067811865475}
CHECKED {"dtype": "fp16", "rows": 16384, "dim": 4, "scale": 0.5}
CHECKED {"dtype": "fp16", "rows": 16384, "dim": 2, "scale": 1.0}
CHECKED {"dtype": "fp16", "rows": 4, "dim": 16, "scale": 1.0}
CHECKED {"dtype": "fp16", "rows": 128, "dim": 1, "scale": 1.0}
CHECKED {"dtype": "fp16", "rows": 17, "dim": 16, "scale": 0.25}
CHECKED {"dtype": "fp16", "rows": 128, "dim": 4, "scale": 0.5}
CHECKED {"dtype": "fp16", "rows": 16, "dim": 16, "scale": 1.0}
CHECKED {"dtype": "bf16", "rows": 127, "dim": 8, "scale": 0.35355339059327373}
CHECKED {"dtype": "fp16", "rows": 256, "dim": 4, "scale": 1.0}
CHECKED {"dtype": "fp16", "rows": 31, "dim": 8, "scale": 1.0}
CHECKED {"dtype": "bf16", "rows": 17, "dim": 4, "scale": 0.5}
CHECKED {"dtype": "fp16", "rows": 4096, "dim": 16, "scale": 0.25}
CHECKED {"dtype": "fp16", "rows": 129, "dim": 1, "scale": 1.0}
CHECKED {"dtype": "bf16", "rows": 16385, "dim": 1, "scale": 1.0}
CHECKED {"dtype": "bf16", "rows": 4095, "dim": 2, "scale": 0.7071067811865475}
CHECKED {"dtype": "bf16", "rows": 63, "dim": 1, "scale": 1.0}
CHECKED {"dtype": "bf16", "rows": 33, "dim": 16, "scale": 0.25}
CHECKED {"dtype": "fp16", "rows": 16383, "dim": 2, "scale": 0.7071067811865475}
CHECKED {"dtype": "bf16", "rows": 256, "dim": 1, "scale": 1.0}
CHECKED {"dtype": "fp16", "rows": 31, "dim": 2, "scale": 1.0}
CHECKED {"dtype": "bf16", "rows": 4095, "dim": 16, "scale": 1.0}
CHECKED {"dtype": "fp16", "rows": 16383, "dim": 2, "scale": 1.0}
CHECKED {"dtype": "fp16", "rows": 65, "dim": 1, "scale": 1.0}
CHECKED {"dtype": "fp16", "rows": 33, "dim": 16, "scale": 0.25}
CHECKED {"dtype": "bf16", "rows": 256, "dim": 2, "scale": 1.0}
CHECKED {"dtype": "fp16", "rows": 65, "dim": 8, "scale": 0.35355339059327373}
CHECKED {"dtype": "fp16", "rows": 64, "dim": 1, "scale": 1.0}
CHECKED {"dtype": "fp16", "rows": 16383, "dim": 4, "scale": 1.0}
CHECKED {"dtype": "bf16", "rows": 4, "dim": 16, "scale": 1.0}
CHECKED {"dtype": "bf16", "rows": 16384, "dim": 2, "scale": 1.0}
CHECKED {"dtype": "bf16", "rows": 256, "dim": 8, "scale": 0.35355339059327373}
CHECKED {"dtype": "bf16", "rows": 255, "dim": 8, "scale": 1.0}
CHECKED {"dtype": "fp16", "rows": 64, "dim": 4, "scale": 1.0}
CHECKED {"dtype": "bf16", "rows": 4095, "dim": 4, "scale": 0.5}
CHECKED {"dtype": "fp16", "rows": 63, "dim": 2, "scale": 1.0}
CHECKED {"dtype": "bf16", "rows": 2, "dim": 4, "scale": 0.5}
CHECKED {"dtype": "fp16", "rows": 4, "dim": 16, "scale": 0.25}
CHECKED {"dtype": "bf16", "rows": 64, "dim": 2, "scale": 0.7071067811865475}
CHECKED {"dtype": "fp16", "rows": 256, "dim": 8, "scale": 1.0}
CHECKED {"dtype": "fp16", "rows": 2, "dim": 8, "scale": 1.0}
CHECKED {"dtype": "fp16", "rows": 127, "dim": 4, "scale": 0.5}
CHECKED {"dtype": "fp16", "rows": 16383, "dim": 1, "scale": 1.0}
CHECKED {"dtype": "bf16", "rows": 16383, "dim": 4, "scale": 0.5}
CHECKED {"dtype": "fp16", "rows": 4095, "dim": 8, "scale": 1.0}
CHECKED {"dtype": "fp16", "rows": 129, "dim": 2, "scale": 0.7071067811865475}
CHECKED {"dtype": "bf16", "rows": 256, "dim": 4, "scale": 1.0}
CHECKED {"dtype": "bf16", "rows": 64, "dim": 8, "scale": 0.35355339059327373}
CHECKED {"dtype": "bf16", "rows": 128, "dim": 4, "scale": 0.5}
CHECKED {"dtype": "bf16", "rows": 33, "dim": 2, "scale": 0.7071067811865475}
CHECKED {"dtype": "fp16", "rows": 255, "dim": 16, "scale": 1.0}
CHECKED {"dtype": "bf16", "rows": 129, "dim": 2, "scale": 0.7071067811865475}
CHECKED {"dtype": "fp16", "rows": 127, "dim": 16, "scale": 1.0}
CHECKED {"dtype": "bf16", "rows": 17, "dim": 4, "scale": 1.0}
CHECKED {"dtype": "fp16", "rows": 18, "dim": 4, "scale": 1.0}
CHECKED {"dtype": "fp16", "rows": 3, "dim": 16, "scale": 0.25}
CHECKED {"dtype": "fp16", "rows": 4095, "dim": 16, "scale": 1.0}
CHECKED {"dtype": "fp16", "rows": 16, "dim": 16, "scale": 0.25}
CHECKED {"dtype": "fp16", "rows": 16384, "dim": 8, "scale": 0.35355339059327373}
CHECKED {"dtype": "bf16", "rows": 1, "dim": 16, "scale": 1.0}
CHECKED {"dtype": "fp16", "rows": 1, "dim": 4, "scale": 0.5}
CHECKED {"dtype": "fp16", "rows": 127, "dim": 8, "scale": 1.0}
CHECKED {"dtype": "bf16", "rows": 16, "dim": 1, "scale": 1.0}
CHECKED {"dtype": "bf16", "rows": 18, "dim": 16, "scale": 0.25}
CHECKED {"dtype": "bf16", "rows": 2, "dim": 8, "scale": 0.35355339059327373}
CHECKED {"dtype": "fp16", "rows": 129, "dim": 16, "scale": 0.25}
CHECKED {"dtype": "fp16", "rows": 33, "dim": 1, "scale": 1.0}
CHECKED {"dtype": "fp16", "rows": 16385, "dim": 16, "scale": 0.25}
CHECKED {"dtype": "bf16", "rows": 129, "dim": 2, "scale": 1.0}
CHECKED {"dtype": "bf16", "rows": 63, "dim": 4, "scale": 0.5}
CHECKED {"dtype": "fp16", "rows": 33, "dim": 2, "scale": 1.0}
CHECKED {"dtype": "bf16", "rows": 16385, "dim": 16, "scale": 0.25}
CHECKED {"dtype": "fp16", "rows": 3, "dim": 16, "scale": 1.0}
CHECKED {"dtype": "fp16", "rows": 257, "dim": 16, "scale": 1.0}
CHECKED {"dtype": "bf16", "rows": 31, "dim": 2, "scale": 0.7071067811865475}
CHECKED {"dtype": "fp16", "rows": 4096, "dim": 4, "scale": 1.0}
CHECKED {"dtype": "fp16", "rows": 256, "dim": 16, "scale": 0.25}
CHECKED {"dtype": "fp16", "rows": 256, "dim": 4, "scale": 0.5}
CHECKED {"dtype": "fp16", "rows": 16, "dim": 8, "scale": 0.35355339059327373}
CHECKED {"dtype": "fp16", "rows": 257, "dim": 8, "scale": 1.0}
CHECKED {"dtype": "bf16", "rows": 18, "dim": 8, "scale": 0.35355339059327373}
CHECKED {"dtype": "fp16", "rows": 65, "dim": 2, "scale": 1.0}
CHECKED {"dtype": "bf16", "rows": 18, "dim": 4, "scale": 1.0}
CHECKED {"dtype": "fp16", "rows": 1, "dim": 4, "scale": 1.0}
CHECKED {"dtype": "fp16", "rows": 4095, "dim": 2, "scale": 0.7071067811865475}
CHECKED {"dtype": "bf16", "rows": 4096, "dim": 2, "scale": 0.7071067811865475}
CHECKED {"dtype": "bf16", "rows": 257, "dim": 8, "scale": 1.0}
CHECKED {"dtype": "fp16", "rows": 127, "dim": 2, "scale": 1.0}
CHECKED {"dtype": "fp16", "rows": 1, "dim": 2, "scale": 0.7071067811865475}
CHECKED {"dtype": "fp16", "rows": 2, "dim": 16, "scale": 1.0}
CHECKED {"dtype": "bf16", "rows": 32, "dim": 8, "scale": 1.0}
CHECKED {"dtype": "bf16", "rows": 33, "dim": 2, "scale": 1.0}
CHECKED {"dtype": "bf16", "rows": 256, "dim": 16, "scale": 0.25}
CHECKED {"dtype": "fp16", "rows": 129, "dim": 16, "scale": 1.0}
CHECKED {"dtype": "bf16", "rows": 128, "dim": 8, "scale": 1.0}
CHECKED {"dtype": "fp16", "rows": 3, "dim": 4, "scale": 1.0}
CHECKED {"dtype": "fp16", "rows": 31, "dim": 16, "scale": 0.25}
CHECKED {"dtype": "fp16", "rows": 255, "dim": 2, "scale": 1.0}
CHECKED {"dtype": "bf16", "rows": 3, "dim": 8, "scale": 0.35355339059327373}
CHECKED {"dtype": "bf16", "rows": 63, "dim": 2, "scale": 1.0}
CHECKED {"dtype": "fp16", "rows": 129, "dim": 8, "scale": 0.35355339059327373}
CHECKED {"dtype": "bf16", "rows": 31, "dim": 4, "scale": 0.5}
CHECKED {"dtype": "bf16", "rows": 16385, "dim": 2, "scale": 0.7071067811865475}
CHECKED {"dtype": "bf16", "rows": 64, "dim": 4, "scale": 1.0}
CHECKED {"dtype": "bf16", "rows": 17, "dim": 8, "scale": 0.35355339059327373}
CHECKED {"dtype": "fp16", "rows": 2, "dim": 2, "scale": 1.0}
CHECKED {"dtype": "fp16", "rows": 16385, "dim": 2, "scale": 1.0}
CHECKED {"dtype": "fp16", "rows": 32, "dim": 16, "scale": 1.0}
CHECKED {"dtype": "fp16", "rows": 257, "dim": 8, "scale": 0.35355339059327373}
CHECKED {"dtype": "fp16", "rows": 16, "dim": 4, "scale": 0.5}
CHECKED {"dtype": "fp16", "rows": 65, "dim": 4, "scale": 1.0}
CHECKED {"dtype": "fp16", "rows": 255, "dim": 8, "scale": 1.0}
CHECKED {"dtype": "fp16", "rows": 16, "dim": 8, "scale": 1.0}
CHECKED {"dtype": "fp16", "rows": 16383, "dim": 16, "scale": 1.0}
CHECKED {"dtype": "fp16", "rows": 16383, "dim": 16, "scale": 0.25}
CHECKED {"dtype": "fp16", "rows": 18, "dim": 2, "scale": 1.0}
CHECKED {"dtype": "bf16", "rows": 16, "dim": 4, "scale": 0.5}
CHECKED {"dtype": "fp16", "rows": 16, "dim": 4, "scale": 1.0}
CHECKED {"dtype": "bf16", "rows": 16385, "dim": 8, "scale": 0.35355339059327373}
CHECKED {"dtype": "fp16", "rows": 128, "dim": 4, "scale": 1.0}
CHECKED {"dtype": "fp16", "rows": 128, "dim": 16, "scale": 1.0}
CHECKED {"dtype": "fp16", "rows": 16, "dim": 2, "scale": 0.7071067811865475}
CHECKED {"dtype": "bf16", "rows": 18, "dim": 2, "scale": 0.7071067811865475}
CHECKED {"dtype": "fp16", "rows": 17, "dim": 4, "scale": 0.5}
CHECKED {"dtype": "bf16", "rows": 31, "dim": 8, "scale": 0.35355339059327373}
CHECKED {"dtype": "bf16", "rows": 3, "dim": 16, "scale": 1.0}
CHECKED {"dtype": "bf16", "rows": 16385, "dim": 4, "scale": 1.0}
CHECKED {"dtype": "fp16", "rows": 4096, "dim": 8, "scale": 1.0}
CHECKED {"dtype": "bf16", "rows": 129, "dim": 16, "scale": 0.25}
CHECKED {"dtype": "fp16", "rows": 2, "dim": 8, "scale": 0.35355339059327373}
CHECKED {"dtype": "fp16", "rows": 33, "dim": 8, "scale": 1.0}
CHECKED {"dtype": "bf16", "rows": 127, "dim": 2, "scale": 1.0}
CHECKED {"dtype": "fp16", "rows": 63, "dim": 8, "scale": 1.0}
CHECKED {"dtype": "bf16", "rows": 4097, "dim": 8, "scale": 1.0}
CHECKED {"dtype": "fp16", "rows": 257, "dim": 4, "scale": 0.5}
CHECKED {"dtype": "bf16", "rows": 257, "dim": 2, "scale": 1.0}
CHECKED {"dtype": "fp16", "rows": 3, "dim": 1, "scale": 1.0}
CHECKED {"dtype": "fp16", "rows": 4, "dim": 8, "scale": 1.0}
CHECKED {"dtype": "fp16", "rows": 127, "dim": 2, "scale": 0.7071067811865475}
CHECKED {"dtype": "bf16", "rows": 65, "dim": 16, "scale": 1.0}
CHECKED {"dtype": "fp16", "rows": 31, "dim": 2, "scale": 0.7071067811865475}
CHECKED {"dtype": "bf16", "rows": 16384, "dim": 1, "scale": 1.0}
CHECKED {"dtype": "bf16", "rows": 2, "dim": 8, "scale": 1.0}
CHECKED {"dtype": "bf16", "rows": 4, "dim": 8, "scale": 1.0}
CHECKED {"dtype": "fp16", "rows": 16384, "dim": 16, "scale": 1.0}
CHECKED {"dtype": "bf16", "rows": 16, "dim": 8, "scale": 0.35355339059327373}
CHECKED {"dtype": "fp16", "rows": 64, "dim": 2, "scale": 0.7071067811865475}
CHECKED {"dtype": "bf16", "rows": 32, "dim": 2, "scale": 0.7071067811865475}
CHECKED {"dtype": "bf16", "rows": 16383, "dim": 16, "scale": 1.0}
CHECKED {"dtype": "bf16", "rows": 128, "dim": 4, "scale": 1.0}
CHECKED {"dtype": "bf16", "rows": 64, "dim": 2, "scale": 1.0}
CHECKED {"dtype": "fp16", "rows": 63, "dim": 4, "scale": 0.5}
CHECKED {"dtype": "fp16", "rows": 1, "dim": 8, "scale": 1.0}
CHECKED {"dtype": "fp16", "rows": 16383, "dim": 8, "scale": 1.0}
CHECKED {"dtype": "fp16", "rows": 4096, "dim": 16, "scale": 1.0}
CHECKED {"dtype": "bf16", "rows": 128, "dim": 8, "scale": 0.35355339059327373}
CHECKED {"dtype": "fp16", "rows": 16383, "dim": 8, "scale": 0.35355339059327373}
CHECKED {"dtype": "fp16", "rows": 16384, "dim": 1, "scale": 1.0}
CHECKED {"dtype": "fp16", "rows": 1, "dim": 1, "scale": 1.0}
CHECKED {"dtype": "bf16", "rows": 32, "dim": 16, "scale": 1.0}
CHECKED {"dtype": "bf16", "rows": 33, "dim": 4, "scale": 0.5}
CHECKED {"dtype": "bf16", "rows": 1, "dim": 4, "scale": 0.5}
CHECKED {"dtype": "bf16", "rows": 16385, "dim": 4, "scale": 0.5}
CHECKED {"dtype": "bf16", "rows": 16383, "dim": 4, "scale": 1.0}
CHECKED {"dtype": "bf16", "rows": 2, "dim": 2, "scale": 1.0}
CHECKED {"dtype": "fp16", "rows": 32, "dim": 16, "scale": 0.25}
CHECKED {"dtype": "bf16", "rows": 63, "dim": 16, "scale": 1.0}
CHECKED {"dtype": "bf16", "rows": 16383, "dim": 16, "scale": 0.25}
CHECKED {"dtype": "bf16", "rows": 3, "dim": 4, "scale": 1.0}
CHECKED {"dtype": "bf16", "rows": 3, "dim": 4, "scale": 0.5}
CHECKED {"dtype": "fp16", "rows": 33, "dim": 16, "scale": 1.0}
CHECKED {"dtype": "bf16", "rows": 128, "dim": 1, "scale": 1.0}
CHECKED {"dtype": "fp16", "rows": 127, "dim": 8, "scale": 0.35355339059327373}
CHECKED {"dtype": "bf16", "rows": 4, "dim": 1, "scale": 1.0}
CHECKED {"dtype": "fp16", "rows": 3, "dim": 2, "scale": 0.7071067811865475}
CHECKED {"dtype": "bf16", "rows": 4097, "dim": 16, "scale": 1.0}
CHECKED {"dtype": "fp16", "rows": 2, "dim": 16, "scale": 0.25}
CHECKED {"dtype": "fp16", "rows": 32, "dim": 4, "scale": 0.5}
CHECKED {"dtype": "bf16", "rows": 128, "dim": 2, "scale": 1.0}
CHECKED {"dtype": "fp16", "rows": 255, "dim": 4, "scale": 0.5}
CHECKED {"dtype": "bf16", "rows": 1, "dim": 8, "scale": 0.35355339059327373}
CHECKED {"dtype": "fp16", "rows": 4096, "dim": 4, "scale": 0.5}
CHECKED {"dtype": "bf16", "rows": 1, "dim": 2, "scale": 0.7071067811865475}
CHECKED {"dtype": "bf16", "rows": 63, "dim": 8, "scale": 0.35355339059327373}
CHECKED {"dtype": "bf16", "rows": 16385, "dim": 8, "scale": 1.0}
CHECKED {"dtype": "fp16", "rows": 4, "dim": 2, "scale": 0.7071067811865475}
CHECKED {"dtype": "fp16", "rows": 255, "dim": 1, "scale": 1.0}
CHECKED {"dtype": "fp16", "rows": 1, "dim": 16, "scale": 0.25}
CHECKED {"dtype": "fp16", "rows": 31, "dim": 4, "scale": 1.0}
CHECKED {"dtype": "fp16", "rows": 65, "dim": 16, "scale": 1.0}
CHECKED {"dtype": "fp16", "rows": 4097, "dim": 16, "scale": 1.0}
CHECKED {"dtype": "fp16", "rows": 4095, "dim": 4, "scale": 1.0}
CHECKED {"dtype": "bf16", "rows": 32, "dim": 1, "scale": 1.0}
CHECKED {"dtype": "bf16", "rows": 31, "dim": 8, "scale": 1.0}
CHECKED {"dtype": "fp16", "rows": 256, "dim": 1, "scale": 1.0}
CHECKED {"dtype": "bf16", "rows": 32, "dim": 8, "scale": 0.35355339059327373}
CHECKED {"dtype": "fp16", "rows": 63, "dim": 16, "scale": 1.0}
CHECKED {"dtype": "bf16", "rows": 18, "dim": 8, "scale": 1.0}
CHECKED {"dtype": "fp16", "rows": 31, "dim": 4, "scale": 0.5}
CHECKED {"dtype": "bf16", "rows": 4096, "dim": 4, "scale": 0.5}
CHECKED {"dtype": "bf16", "rows": 4, "dim": 4, "scale": 0.5}
CHECKED {"dtype": "bf16", "rows": 4, "dim": 8, "scale": 0.35355339059327373}
CHECKED {"dtype": "bf16", "rows": 129, "dim": 4, "scale": 0.5}
CHECKED {"dtype": "bf16", "rows": 64, "dim": 1, "scale": 1.0}
CHECKED {"dtype": "fp16", "rows": 256, "dim": 2, "scale": 0.7071067811865475}
CHECKED {"dtype": "fp16", "rows": 16385, "dim": 1, "scale": 1.0}
CHECKED {"dtype": "fp16", "rows": 32, "dim": 2, "scale": 0.7071067811865475}
CHECKED {"dtype": "fp16", "rows": 16384, "dim": 2, "scale": 0.7071067811865475}
CHECKED {"dtype": "fp16", "rows": 4096, "dim": 2, "scale": 0.7071067811865475}
CHECKED {"dtype": "bf16", "rows": 1, "dim": 4, "scale": 1.0}
CHECKED {"dtype": "bf16", "rows": 129, "dim": 4, "scale": 1.0}
CHECKED {"dtype": "bf16", "rows": 33, "dim": 1, "scale": 1.0}
CHECKED {"dtype": "bf16", "rows": 129, "dim": 1, "scale": 1.0}
CHECKED {"dtype": "bf16", "rows": 129, "dim": 8, "scale": 1.0}
CHECKED {"dtype": "fp16", "rows": 16385, "dim": 2, "scale": 0.7071067811865475}
CHECKED {"dtype": "bf16", "rows": 32, "dim": 2, "scale": 1.0}
CHECKED {"dtype": "fp16", "rows": 17, "dim": 2, "scale": 1.0}
CHECKED {"dtype": "bf16", "rows": 17, "dim": 1, "scale": 1.0}
CHECKED {"dtype": "bf16", "rows": 1, "dim": 16, "scale": 0.25}
CHECKED {"dtype": "fp16", "rows": 18, "dim": 16, "scale": 0.25}
CHECKED {"dtype": "bf16", "rows": 33, "dim": 4, "scale": 1.0}
CHECKED {"dtype": "fp16", "rows": 257, "dim": 16, "scale": 0.25}
CHECKED {"dtype": "bf16", "rows": 63, "dim": 16, "scale": 0.25}
CHECKED {"dtype": "fp16", "rows": 2, "dim": 4, "scale": 1.0}
CHECKED {"dtype": "bf16", "rows": 16384, "dim": 4, "scale": 0.5}
CHECKED {"dtype": "fp16", "rows": 4097, "dim": 2, "scale": 1.0}
CHECKED {"dtype": "bf16", "rows": 4096, "dim": 1, "scale": 1.0}
CHECKED {"dtype": "bf16", "rows": 257, "dim": 4, "scale": 0.5}
CHECKED {"dtype": "fp16", "rows": 64, "dim": 4, "scale": 0.5}
CHECKED {"dtype": "bf16", "rows": 31, "dim": 16, "scale": 0.25}
CHECKED {"dtype": "fp16", "rows": 17, "dim": 4, "scale": 1.0}
CHECKED {"dtype": "fp16", "rows": 128, "dim": 2, "scale": 1.0}
CHECKED {"dtype": "bf16", "rows": 4097, "dim": 8, "scale": 0.35355339059327373}
CHECKED {"dtype": "fp16", "rows": 31, "dim": 8, "scale": 0.35355339059327373}
CHECKED {"dtype": "bf16", "rows": 16, "dim": 8, "scale": 1.0}
CHECKED {"dtype": "bf16", "rows": 63, "dim": 8, "scale": 1.0}
CHECKED {"dtype": "bf16", "rows": 64, "dim": 4, "scale": 0.5}
CHECKED {"dtype": "fp16", "rows": 256, "dim": 2, "scale": 1.0}
CHECKED {"dtype": "fp16", "rows": 32, "dim": 8, "scale": 0.35355339059327373}
CHECKED {"dtype": "bf16", "rows": 16, "dim": 16, "scale": 0.25}
CHECKED {"dtype": "bf16", "rows": 17, "dim": 16, "scale": 1.0}
CHECKED {"dtype": "bf16", "rows": 3, "dim": 1, "scale": 1.0}
CHECKED {"dtype": "fp16", "rows": 1, "dim": 2, "scale": 1.0}
CHECKED {"dtype": "fp16", "rows": 32, "dim": 2, "scale": 1.0}
CHECKED {"dtype": "bf16", "rows": 16, "dim": 2, "scale": 0.7071067811865475}
CHECKED {"dtype": "bf16", "rows": 31, "dim": 2, "scale": 1.0}
CHECKED {"dtype": "bf16", "rows": 32, "dim": 4, "scale": 1.0}
CHECKED {"dtype": "fp16", "rows": 17, "dim": 8, "scale": 0.35355339059327373}
CHECKED {"dtype": "fp16", "rows": 128, "dim": 16, "scale": 0.25}
CHECKED {"dtype": "fp16", "rows": 64, "dim": 16, "scale": 0.25}
CHECKED {"dtype": "bf16", "rows": 4096, "dim": 4, "scale": 1.0}
CHECKED {"dtype": "fp16", "rows": 17, "dim": 1, "scale": 1.0}
CHECKED {"dtype": "fp16", "rows": 4097, "dim": 8, "scale": 0.35355339059327373}
CHECKED {"dtype": "bf16", "rows": 4097, "dim": 4, "scale": 1.0}
CHECKED {"dtype": "fp16", "rows": 3, "dim": 4, "scale": 0.5}
CHECKED {"dtype": "bf16", "rows": 2, "dim": 2, "scale": 0.7071067811865475}
CHECKED {"dtype": "fp16", "rows": 65, "dim": 16, "scale": 0.25}
CHECKED {"dtype": "fp16", "rows": 4, "dim": 1, "scale": 1.0}
CHECKED {"dtype": "bf16", "rows": 31, "dim": 16, "scale": 1.0}
CHECKED {"dtype": "bf16", "rows": 4095, "dim": 8, "scale": 1.0}
CHECKED {"dtype": "fp16", "rows": 129, "dim": 4, "scale": 0.5}
CHECKED {"dtype": "fp16", "rows": 1, "dim": 8, "scale": 0.35355339059327373}
CHECKED {"dtype": "fp16", "rows": 31, "dim": 16, "scale": 1.0}
CHECKED {"dtype": "bf16", "rows": 4, "dim": 4, "scale": 1.0}
CHECKED {"dtype": "bf16", "rows": 256, "dim": 16, "scale": 1.0}
CHECKED {"dtype": "fp16", "rows": 17, "dim": 8, "scale": 1.0}
CHECKED {"dtype": "fp16", "rows": 4095, "dim": 4, "scale": 0.5}
CHECKED {"dtype": "bf16", "rows": 257, "dim": 1, "scale": 1.0}
CHECKED {"dtype": "bf16", "rows": 257, "dim": 2, "scale": 0.7071067811865475}
CHECKED {"dtype": "bf16", "rows": 257, "dim": 16, "scale": 0.25}
CHECKED {"dtype": "fp16", "rows": 129, "dim": 8, "scale": 1.0}
CHECKED {"dtype": "bf16", "rows": 257, "dim": 4, "scale": 1.0}
CHECKED {"dtype": "fp16", "rows": 257, "dim": 4, "scale": 1.0}
CHECKED {"dtype": "bf16", "rows": 17, "dim": 16, "scale": 0.25}
CHECKED {"dtype": "bf16", "rows": 17, "dim": 2, "scale": 0.7071067811865475}
CHECKED {"dtype": "fp16", "rows": 18, "dim": 8, "scale": 1.0}
CHECKED {"dtype": "fp16", "rows": 33, "dim": 4, "scale": 1.0}
CHECKED {"dtype": "bf16", "rows": 256, "dim": 8, "scale": 1.0}
CHECKED {"dtype": "fp16", "rows": 129, "dim": 4, "scale": 1.0}
CHECKED {"dtype": "bf16", "rows": 64, "dim": 8, "scale": 1.0}
CHECKED {"dtype": "fp16", "rows": 16385, "dim": 8, "scale": 0.35355339059327373}
CHECKED {"dtype": "bf16", "rows": 256, "dim": 4, "scale": 0.5}
CHECKED {"dtype": "fp16", "rows": 33, "dim": 8, "scale": 0.35355339059327373}
CHECKED {"dtype": "fp16", "rows": 256, "dim": 8, "scale": 0.35355339059327373}
CHECKED {"dtype": "fp16", "rows": 4097, "dim": 4, "scale": 0.5}
CHECKED {"dtype": "fp16", "rows": 65, "dim": 2, "scale": 0.7071067811865475}
CHECKED {"dtype": "fp16", "rows": 3, "dim": 2, "scale": 1.0}
CHECKED {"dtype": "bf16", "rows": 3, "dim": 2, "scale": 1.0}
CHECKED {"dtype": "fp16", "rows": 18, "dim": 16, "scale": 1.0}
CHECKED {"dtype": "bf16", "rows": 18, "dim": 4, "scale": 0.5}
CHECKED {"dtype": "bf16", "rows": 4, "dim": 16, "scale": 0.25}
CHECKED {"dtype": "bf16", "rows": 65, "dim": 2, "scale": 0.7071067811865475}
CHECKED {"dtype": "bf16", "rows": 64, "dim": 16, "scale": 1.0}
CHECKED {"dtype": "fp16", "rows": 255, "dim": 2, "scale": 0.7071067811865475}
CHECKED {"dtype": "bf16", "rows": 4095, "dim": 1, "scale": 1.0}
CHECKED {"dtype": "bf16", "rows": 4, "dim": 2, "scale": 1.0}
CHECKED {"dtype": "fp16", "rows": 4096, "dim": 2, "scale": 1.0}
CHECKED {"dtype": "fp16", "rows": 32, "dim": 4, "scale": 1.0}
CHECKED {"dtype": "fp16", "rows": 257, "dim": 1, "scale": 1.0}
CHECKED {"dtype": "fp16", "rows": 64, "dim": 2, "scale": 1.0}
CHECKED {"dtype": "fp16", "rows": 4097, "dim": 2, "scale": 0.7071067811865475}
CHECKED {"dtype": "bf16", "rows": 4095, "dim": 16, "scale": 0.25}
CHECKED {"dtype": "fp16", "rows": 4096, "dim": 1, "scale": 1.0}
CHECKED {"dtype": "fp16", "rows": 16, "dim": 1, "scale": 1.0}
CHECKED {"dtype": "bf16", "rows": 129, "dim": 8, "scale": 0.35355339059327373}
CHECKED {"dtype": "bf16", "rows": 16383, "dim": 1, "scale": 1.0}
CHECKED {"dtype": "bf16", "rows": 256, "dim": 2, "scale": 0.7071067811865475}
CHECKED {"dtype": "bf16", "rows": 31, "dim": 4, "scale": 1.0}
CHECKED {"dtype": "bf16", "rows": 16, "dim": 4, "scale": 1.0}
CHECKED {"dtype": "fp16", "rows": 255, "dim": 8, "scale": 0.35355339059327373}
CHECKED {"dtype": "bf16", "rows": 31, "dim": 1, "scale": 1.0}
CHECKED {"dtype": "bf16", "rows": 3, "dim": 16, "scale": 0.25}
CHECKED {"dtype": "fp16", "rows": 18, "dim": 4, "scale": 0.5}
CHECKED {"dtype": "fp16", "rows": 4, "dim": 2, "scale": 1.0}
CHECKED {"dtype": "fp16", "rows": 16385, "dim": 4, "scale": 1.0}
CHECKED {"dtype": "bf16", "rows": 255, "dim": 4, "scale": 0.5}
CHECKED {"dtype": "bf16", "rows": 127, "dim": 8, "scale": 1.0}
CHECKED {"dtype": "fp16", "rows": 127, "dim": 4, "scale": 1.0}
CHECKED {"dtype": "bf16", "rows": 1, "dim": 2, "scale": 1.0}
CHECKED {"dtype": "bf16", "rows": 65, "dim": 2, "scale": 1.0}
CHECKED {"dtype": "bf16", "rows": 255, "dim": 16, "scale": 1.0}
CHECKED {"dtype": "fp16", "rows": 16385, "dim": 4, "scale": 0.5}
CHECKED {"dtype": "bf16", "rows": 16, "dim": 2, "scale": 1.0}
CHECKED {"dtype": "bf16", "rows": 65, "dim": 16, "scale": 0.25}
CHECKED {"dtype": "fp16", "rows": 16383, "dim": 4, "scale": 0.5}
CHECKED {"dtype": "bf16", "rows": 16383, "dim": 2, "scale": 1.0}
CHECKED {"dtype": "bf16", "rows": 2, "dim": 1, "scale": 1.0}
CHECKED {"dtype": "bf16", "rows": 3, "dim": 2, "scale": 0.7071067811865475}
CHECKED {"dtype": "fp16", "rows": 31, "dim": 1, "scale": 1.0}
CHECKED {"dtype": "bf16", "rows": 128, "dim": 16, "scale": 1.0}
CHECKED {"dtype": "fp16", "rows": 16384, "dim": 16, "scale": 0.25}
CHECKED {"dtype": "bf16", "rows": 16384, "dim": 8, "scale": 1.0}
CHECKED {"dtype": "bf16", "rows": 65, "dim": 8, "scale": 0.35355339059327373}
CHECKED {"dtype": "fp16", "rows": 17, "dim": 16, "scale": 1.0}
CHECKED {"dtype": "fp16", "rows": 63, "dim": 8, "scale": 0.35355339059327373}
CHECKED {"dtype": "fp16", "rows": 4, "dim": 4, "scale": 1.0}
CHECKED {"dtype": "fp16", "rows": 65, "dim": 4, "scale": 0.5}
CHECKED {"dtype": "bf16", "rows": 18, "dim": 1, "scale": 1.0}
CHECKED {"dtype": "fp16", "rows": 63, "dim": 16, "scale": 0.25}
CHECKED {"dtype": "bf16", "rows": 16383, "dim": 8, "scale": 1.0}
CHECKED {"dtype": "bf16", "rows": 4097, "dim": 16, "scale": 0.25}
CHECKED {"dtype": "bf16", "rows": 2, "dim": 4, "scale": 1.0}
CHECKED {"dtype": "bf16", "rows": 255, "dim": 8, "scale": 0.35355339059327373}
CHECKED {"dtype": "bf16", "rows": 255, "dim": 16, "scale": 0.25}
CHECKED {"dtype": "bf16", "rows": 4096, "dim": 16, "scale": 1.0}
CHECKED {"dtype": "fp16", "rows": 16384, "dim": 4, "scale": 1.0}
CHECKED {"dtype": "fp16", "rows": 2, "dim": 1, "scale": 1.0}
CHECKED {"dtype": "bf16", "rows": 17, "dim": 8, "scale": 1.0}
CHECKED {"dtype": "bf16", "rows": 16384, "dim": 4, "scale": 1.0}
CHECKED {"dtype": "fp16", "rows": 64, "dim": 8, "scale": 0.35355339059327373}
CHECKED {"dtype": "fp16", "rows": 18, "dim": 1, "scale": 1.0}
CHECKED {"dtype": "bf16", "rows": 255, "dim": 1, "scale": 1.0}
CHECKED {"dtype": "fp16", "rows": 4095, "dim": 2, "scale": 1.0}
CHECKED {"dtype": "bf16", "rows": 127, "dim": 2, "scale": 0.7071067811865475}
CHECKED {"dtype": "bf16", "rows": 16383, "dim": 8, "scale": 0.35355339059327373}
CHECKED {"dtype": "fp16", "rows": 4, "dim": 4, "scale": 0.5}
CHECKED {"dtype": "fp16", "rows": 16, "dim": 2, "scale": 1.0}
CHECKED {"dtype": "fp16", "rows": 63, "dim": 2, "scale": 0.7071067811865475}
