HOST_BF16_RNE_PASS checks=12
DEVICE name=Biren106M warp=32 runtime=1100 driver=1100
BENCHMARK_PROGRESS dtype=fp16 rows=1 n=64
BENCHMARK_PROGRESS dtype=fp16 rows=17 n=64
BENCHMARK_PROGRESS dtype=fp16 rows=257 n=64
BENCHMARK_PROGRESS dtype=fp16 rows=4096 n=64
BENCHMARK_PROGRESS dtype=fp16 rows=16384 n=64
BENCHMARK_PROGRESS dtype=fp16 rows=1 n=128
BENCHMARK_PROGRESS dtype=fp16 rows=17 n=128
BENCHMARK_PROGRESS dtype=fp16 rows=257 n=128
BENCHMARK_PROGRESS dtype=fp16 rows=4096 n=128
BENCHMARK_PROGRESS dtype=fp16 rows=16384 n=128
BENCHMARK_PROGRESS dtype=fp16 rows=1 n=256
BENCHMARK_PROGRESS dtype=fp16 rows=17 n=256
BENCHMARK_PROGRESS dtype=fp16 rows=257 n=256
BENCHMARK_PROGRESS dtype=fp16 rows=4096 n=256
BENCHMARK_PROGRESS dtype=fp16 rows=16384 n=256
BENCHMARK_PROGRESS dtype=bf16 rows=1 n=64
BENCHMARK_PROGRESS dtype=bf16 rows=17 n=64
BENCHMARK_PROGRESS dtype=bf16 rows=257 n=64
BENCHMARK_PROGRESS dtype=bf16 rows=4096 n=64
BENCHMARK_PROGRESS dtype=bf16 rows=16384 n=64
BENCHMARK_PROGRESS dtype=bf16 rows=1 n=128
BENCHMARK_PROGRESS dtype=bf16 rows=17 n=128
BENCHMARK_PROGRESS dtype=bf16 rows=257 n=128
BENCHMARK_PROGRESS dtype=bf16 rows=4096 n=128
BENCHMARK_PROGRESS dtype=bf16 rows=16384 n=128
BENCHMARK_PROGRESS dtype=bf16 rows=1 n=256
BENCHMARK_PROGRESS dtype=bf16 rows=17 n=256
BENCHMARK_PROGRESS dtype=bf16 rows=257 n=256
BENCHMARK_PROGRESS dtype=bf16 rows=4096 n=256
BENCHMARK_PROGRESS dtype=bf16 rows=16384 n=256
PASS requested validation/benchmark operations completed
