Detected CUDA files, patching ldflags
Emitting ninja build file /data/infinitensor-2026/profile-dispatch-20260908/build/base/build.ninja...
Building extension module infinitensor_hadamard_cuda...
Using envvar MAX_JOBS (1) as the number of workers...
ninja: no work to do.
Loading extension module infinitensor_hadamard_cuda...
Detected CUDA files, patching ldflags
Emitting ninja build file /data/infinitensor-2026/profile-dispatch-20260908/build/candidate/build.ninja...
Building extension module infinitensor_packed_rows_experiment...
Using envvar MAX_JOBS (1) as the number of workers...
ninja: no work to do.
Loading extension module infinitensor_packed_rows_experiment...
TIMED {"dtype": "bf16", "rows": 4093, "dim": 4, "scale": 1.0, "mode": "hadamard_int4"}
TIMED {"dtype": "bf16", "rows": 259, "dim": 4, "scale": 0.5, "mode": "hadamard_int4"}
TIMED {"dtype": "fp16", "rows": 513, "dim": 4, "scale": 1.0, "mode": "hadamard_int4"}
TIMED {"dtype": "fp16", "rows": 4093, "dim": 4, "scale": 1.0, "mode": "hadamard_int4"}
TIMED {"dtype": "fp16", "rows": 253, "dim": 16, "scale": 0.25, "mode": "hadamard_int4"}
TIMED {"dtype": "fp16", "rows": 253, "dim": 4, "scale": 1.0, "mode": "hadamard_int4"}
TIMED {"dtype": "fp16", "rows": 259, "dim": 4, "scale": 0.5, "mode": "hadamard_int4"}
TIMED {"dtype": "fp16", "rows": 4093, "dim": 16, "scale": 0.25, "mode": "hadamard_int4"}
TIMED {"dtype": "bf16", "rows": 32768, "dim": 4, "scale": 1.0, "mode": "hadamard_int4"}
TIMED {"dtype": "bf16", "rows": 32767, "dim": 16, "scale": 0.25, "mode": "hadamard_int4"}
TIMED {"dtype": "fp16", "rows": 4093, "dim": 4, "scale": 0.5, "mode": "hadamard_int4"}
TIMED {"dtype": "bf16", "rows": 511, "dim": 16, "scale": 0.25, "mode": "hadamard_int4"}
TIMED {"dtype": "fp16", "rows": 8192, "dim": 4, "scale": 0.5, "mode": "hadamard_int4"}
TIMED {"dtype": "fp16", "rows": 8191, "dim": 4, "scale": 0.5, "mode": "hadamard_int4"}
TIMED {"dtype": "bf16", "rows": 253, "dim": 16, "scale": 1.0, "mode": "hadamard_int4"}
TIMED {"dtype": "fp16", "rows": 259, "dim": 4, "scale": 1.0, "mode": "hadamard_int4"}
TIMED {"dtype": "fp16", "rows": 1025, "dim": 4, "scale": 1.0, "mode": "hadamard_int4"}
TIMED {"dtype": "bf16", "rows": 253, "dim": 16, "scale": 0.25, "mode": "hadamard_int4"}
TIMED {"dtype": "fp16", "rows": 8192, "dim": 16, "scale": 0.25, "mode": "hadamard_int4"}
TIMED {"dtype": "fp16", "rows": 32768, "dim": 4, "scale": 0.5, "mode": "hadamard_int4"}
TIMED {"dtype": "bf16", "rows": 8193, "dim": 16, "scale": 1.0, "mode": "hadamard_int4"}
TIMED {"dtype": "fp16", "rows": 32769, "dim": 4, "scale": 1.0, "mode": "hadamard_int4"}
TIMED {"dtype": "bf16", "rows": 32769, "dim": 4, "scale": 1.0, "mode": "hadamard_int4"}
TIMED {"dtype": "fp16", "rows": 1023, "dim": 4, "scale": 1.0, "mode": "hadamard_int4"}
TIMED {"dtype": "bf16", "rows": 4099, "dim": 16, "scale": 0.25, "mode": "hadamard_int4"}
TIMED {"dtype": "bf16", "rows": 4099, "dim": 16, "scale": 1.0, "mode": "hadamard_int4"}
TIMED {"dtype": "bf16", "rows": 4093, "dim": 16, "scale": 0.25, "mode": "hadamard_int4"}
TIMED {"dtype": "fp16", "rows": 511, "dim": 16, "scale": 1.0, "mode": "hadamard_int4"}
TIMED {"dtype": "fp16", "rows": 511, "dim": 4, "scale": 0.5, "mode": "hadamard_int4"}
TIMED {"dtype": "bf16", "rows": 1025, "dim": 16, "scale": 0.25, "mode": "hadamard_int4"}
TIMED {"dtype": "bf16", "rows": 1025, "dim": 16, "scale": 1.0, "mode": "hadamard_int4"}
TIMED {"dtype": "bf16", "rows": 32767, "dim": 4, "scale": 0.5, "mode": "hadamard_int4"}
TIMED {"dtype": "bf16", "rows": 1023, "dim": 4, "scale": 0.5, "mode": "hadamard_int4"}
TIMED {"dtype": "fp16", "rows": 32768, "dim": 16, "scale": 0.25, "mode": "hadamard_int4"}
TIMED {"dtype": "fp16", "rows": 1025, "dim": 16, "scale": 0.25, "mode": "hadamard_int4"}
TIMED {"dtype": "bf16", "rows": 32768, "dim": 16, "scale": 1.0, "mode": "hadamard_int4"}
TIMED {"dtype": "fp16", "rows": 4099, "dim": 16, "scale": 0.25, "mode": "hadamard_int4"}
TIMED {"dtype": "bf16", "rows": 8193, "dim": 4, "scale": 0.5, "mode": "hadamard_int4"}
TIMED {"dtype": "bf16", "rows": 513, "dim": 4, "scale": 1.0, "mode": "hadamard_int4"}
TIMED {"dtype": "bf16", "rows": 1023, "dim": 4, "scale": 1.0, "mode": "hadamard_int4"}
TIMED {"dtype": "bf16", "rows": 8192, "dim": 4, "scale": 0.5, "mode": "hadamard_int4"}
TIMED {"dtype": "bf16", "rows": 1025, "dim": 4, "scale": 0.5, "mode": "hadamard_int4"}
TIMED {"dtype": "fp16", "rows": 8193, "dim": 16, "scale": 0.25, "mode": "hadamard_int4"}
TIMED {"dtype": "fp16", "rows": 32768, "dim": 4, "scale": 1.0, "mode": "hadamard_int4"}
TIMED {"dtype": "bf16", "rows": 1023, "dim": 16, "scale": 1.0, "mode": "hadamard_int4"}
TIMED {"dtype": "bf16", "rows": 4093, "dim": 16, "scale": 1.0, "mode": "hadamard_int4"}
TIMED {"dtype": "bf16", "rows": 4099, "dim": 4, "scale": 1.0, "mode": "hadamard_int4"}
TIMED {"dtype": "fp16", "rows": 259, "dim": 16, "scale": 0.25, "mode": "hadamard_int4"}
TIMED {"dtype": "fp16", "rows": 259, "dim": 16, "scale": 1.0, "mode": "hadamard_int4"}
TIMED {"dtype": "fp16", "rows": 32769, "dim": 16, "scale": 1.0, "mode": "hadamard_int4"}
TIMED {"dtype": "bf16", "rows": 1025, "dim": 4, "scale": 1.0, "mode": "hadamard_int4"}
TIMED {"dtype": "bf16", "rows": 513, "dim": 16, "scale": 1.0, "mode": "hadamard_int4"}
TIMED {"dtype": "bf16", "rows": 4099, "dim": 4, "scale": 0.5, "mode": "hadamard_int4"}
TIMED {"dtype": "fp16", "rows": 8193, "dim": 16, "scale": 1.0, "mode": "hadamard_int4"}
TIMED {"dtype": "bf16", "rows": 259, "dim": 4, "scale": 1.0, "mode": "hadamard_int4"}
TIMED {"dtype": "fp16", "rows": 1023, "dim": 16, "scale": 0.25, "mode": "hadamard_int4"}
TIMED {"dtype": "bf16", "rows": 32769, "dim": 16, "scale": 0.25, "mode": "hadamard_int4"}
TIMED {"dtype": "fp16", "rows": 8191, "dim": 16, "scale": 0.25, "mode": "hadamard_int4"}
TIMED {"dtype": "bf16", "rows": 32768, "dim": 4, "scale": 0.5, "mode": "hadamard_int4"}
TIMED {"dtype": "bf16", "rows": 259, "dim": 16, "scale": 0.25, "mode": "hadamard_int4"}
TIMED {"dtype": "fp16", "rows": 511, "dim": 4, "scale": 1.0, "mode": "hadamard_int4"}
TIMED {"dtype": "bf16", "rows": 253, "dim": 4, "scale": 0.5, "mode": "hadamard_int4"}
TIMED {"dtype": "bf16", "rows": 32768, "dim": 16, "scale": 0.25, "mode": "hadamard_int4"}
TIMED {"dtype": "fp16", "rows": 32767, "dim": 16, "scale": 1.0, "mode": "hadamard_int4"}
TIMED {"dtype": "fp16", "rows": 32767, "dim": 16, "scale": 0.25, "mode": "hadamard_int4"}
TIMED {"dtype": "bf16", "rows": 511, "dim": 4, "scale": 0.5, "mode": "hadamard_int4"}
TIMED {"dtype": "bf16", "rows": 8193, "dim": 4, "scale": 1.0, "mode": "hadamard_int4"}
TIMED {"dtype": "fp16", "rows": 513, "dim": 4, "scale": 0.5, "mode": "hadamard_int4"}
TIMED {"dtype": "bf16", "rows": 8191, "dim": 16, "scale": 0.25, "mode": "hadamard_int4"}
TIMED {"dtype": "bf16", "rows": 4093, "dim": 4, "scale": 0.5, "mode": "hadamard_int4"}
TIMED {"dtype": "fp16", "rows": 32769, "dim": 16, "scale": 0.25, "mode": "hadamard_int4"}
TIMED {"dtype": "fp16", "rows": 253, "dim": 16, "scale": 1.0, "mode": "hadamard_int4"}
TIMED {"dtype": "fp16", "rows": 8193, "dim": 4, "scale": 0.5, "mode": "hadamard_int4"}
TIMED {"dtype": "bf16", "rows": 8192, "dim": 16, "scale": 0.25, "mode": "hadamard_int4"}
TIMED {"dtype": "fp16", "rows": 1023, "dim": 16, "scale": 1.0, "mode": "hadamard_int4"}
TIMED {"dtype": "fp16", "rows": 511, "dim": 16, "scale": 0.25, "mode": "hadamard_int4"}
TIMED {"dtype": "fp16", "rows": 4099, "dim": 16, "scale": 1.0, "mode": "hadamard_int4"}
TIMED {"dtype": "fp16", "rows": 513, "dim": 16, "scale": 0.25, "mode": "hadamard_int4"}
TIMED {"dtype": "fp16", "rows": 32769, "dim": 4, "scale": 0.5, "mode": "hadamard_int4"}
TIMED {"dtype": "bf16", "rows": 32769, "dim": 4, "scale": 0.5, "mode": "hadamard_int4"}
TIMED {"dtype": "bf16", "rows": 8191, "dim": 4, "scale": 0.5, "mode": "hadamard_int4"}
TIMED {"dtype": "bf16", "rows": 253, "dim": 4, "scale": 1.0, "mode": "hadamard_int4"}
TIMED {"dtype": "fp16", "rows": 4099, "dim": 4, "scale": 1.0, "mode": "hadamard_int4"}
TIMED {"dtype": "bf16", "rows": 513, "dim": 4, "scale": 0.5, "mode": "hadamard_int4"}
TIMED {"dtype": "bf16", "rows": 1023, "dim": 16, "scale": 0.25, "mode": "hadamard_int4"}
TIMED {"dtype": "fp16", "rows": 8192, "dim": 4, "scale": 1.0, "mode": "hadamard_int4"}
TIMED {"dtype": "fp16", "rows": 8192, "dim": 16, "scale": 1.0, "mode": "hadamard_int4"}
TIMED {"dtype": "bf16", "rows": 8192, "dim": 16, "scale": 1.0, "mode": "hadamard_int4"}
TIMED {"dtype": "fp16", "rows": 513, "dim": 16, "scale": 1.0, "mode": "hadamard_int4"}
TIMED {"dtype": "bf16", "rows": 8191, "dim": 16, "scale": 1.0, "mode": "hadamard_int4"}
TIMED {"dtype": "fp16", "rows": 1025, "dim": 16, "scale": 1.0, "mode": "hadamard_int4"}
TIMED {"dtype": "bf16", "rows": 32767, "dim": 16, "scale": 1.0, "mode": "hadamard_int4"}
TIMED {"dtype": "fp16", "rows": 4093, "dim": 16, "scale": 1.0, "mode": "hadamard_int4"}
TIMED {"dtype": "fp16", "rows": 32768, "dim": 16, "scale": 1.0, "mode": "hadamard_int4"}
TIMED {"dtype": "bf16", "rows": 511, "dim": 16, "scale": 1.0, "mode": "hadamard_int4"}
TIMED {"dtype": "bf16", "rows": 32767, "dim": 4, "scale": 1.0, "mode": "hadamard_int4"}
TIMED {"dtype": "fp16", "rows": 8191, "dim": 4, "scale": 1.0, "mode": "hadamard_int4"}
TIMED {"dtype": "bf16", "rows": 8193, "dim": 16, "scale": 0.25, "mode": "hadamard_int4"}
TIMED {"dtype": "fp16", "rows": 32767, "dim": 4, "scale": 0.5, "mode": "hadamard_int4"}
TIMED {"dtype": "fp16", "rows": 32767, "dim": 4, "scale": 1.0, "mode": "hadamard_int4"}
TIMED {"dtype": "fp16", "rows": 1025, "dim": 4, "scale": 0.5, "mode": "hadamard_int4"}
TIMED {"dtype": "fp16", "rows": 253, "dim": 4, "scale": 0.5, "mode": "hadamard_int4"}
TIMED {"dtype": "bf16", "rows": 32769, "dim": 16, "scale": 1.0, "mode": "hadamard_int4"}
TIMED {"dtype": "fp16", "rows": 8191, "dim": 16, "scale": 1.0, "mode": "hadamard_int4"}
TIMED {"dtype": "bf16", "rows": 8191, "dim": 4, "scale": 1.0, "mode": "hadamard_int4"}
TIMED {"dtype": "bf16", "rows": 513, "dim": 16, "scale": 0.25, "mode": "hadamard_int4"}
TIMED {"dtype": "bf16", "rows": 8192, "dim": 4, "scale": 1.0, "mode": "hadamard_int4"}
TIMED {"dtype": "bf16", "rows": 259, "dim": 16, "scale": 1.0, "mode": "hadamard_int4"}
TIMED {"dtype": "fp16", "rows": 8193, "dim": 4, "scale": 1.0, "mode": "hadamard_int4"}
TIMED {"dtype": "fp16", "rows": 1023, "dim": 4, "scale": 0.5, "mode": "hadamard_int4"}
TIMED {"dtype": "bf16", "rows": 511, "dim": 4, "scale": 1.0, "mode": "hadamard_int4"}
TIMED {"dtype": "fp16", "rows": 4099, "dim": 4, "scale": 0.5, "mode": "hadamard_int4"}
