Detected CUDA files, patching ldflags
Emitting ninja build file /data/infinitensor-2026/profile-dispatch-20260908/build/base/build.ninja...
Building extension module infinitensor_hadamard_cuda...
Using envvar MAX_JOBS (1) as the number of workers...
ninja: no work to do.
Loading extension module infinitensor_hadamard_cuda...
Detected CUDA files, patching ldflags
Emitting ninja build file /data/infinitensor-2026/profile-dispatch-20260908/build/candidate/build.ninja...
Building extension module infinitensor_packed_rows_experiment...
Using envvar MAX_JOBS (1) as the number of workers...
ninja: no work to do.
Loading extension module infinitensor_packed_rows_experiment...
TIMED {"dtype": "fp16", "rows": 16384, "dim": 8, "scale": 1.0}
TIMED {"dtype": "bf16", "rows": 64, "dim": 4, "scale": 0.5}
TIMED {"dtype": "fp16", "rows": 1, "dim": 16, "scale": 1.0}
TIMED {"dtype": "fp16", "rows": 16384, "dim": 4, "scale": 0.5}
TIMED {"dtype": "bf16", "rows": 4096, "dim": 4, "scale": 1.0}
TIMED {"dtype": "fp16", "rows": 4096, "dim": 8, "scale": 1.0}
TIMED {"dtype": "fp16", "rows": 1, "dim": 16, "scale": 0.25}
TIMED {"dtype": "fp16", "rows": 257, "dim": 4, "scale": 1.0}
TIMED {"dtype": "bf16", "rows": 257, "dim": 16, "scale": 0.25}
TIMED {"dtype": "fp16", "rows": 17, "dim": 16, "scale": 1.0}
TIMED {"dtype": "bf16", "rows": 4096, "dim": 4, "scale": 0.5}
TIMED {"dtype": "fp16", "rows": 4096, "dim": 4, "scale": 1.0}
TIMED {"dtype": "fp16", "rows": 64, "dim": 2, "scale": 1.0}
TIMED {"dtype": "bf16", "rows": 257, "dim": 2, "scale": 0.7071067811865475}
TIMED {"dtype": "bf16", "rows": 64, "dim": 2, "scale": 0.7071067811865475}
TIMED {"dtype": "fp16", "rows": 257, "dim": 2, "scale": 1.0}
TIMED {"dtype": "bf16", "rows": 1, "dim": 16, "scale": 1.0}
TIMED {"dtype": "fp16", "rows": 16384, "dim": 2, "scale": 1.0}
TIMED {"dtype": "fp16", "rows": 4096, "dim": 1, "scale": 1.0}
TIMED {"dtype": "bf16", "rows": 257, "dim": 4, "scale": 1.0}
TIMED {"dtype": "bf16", "rows": 1, "dim": 4, "scale": 1.0}
TIMED {"dtype": "fp16", "rows": 17, "dim": 8, "scale": 0.35355339059327373}
TIMED {"dtype": "fp16", "rows": 1, "dim": 4, "scale": 0.5}
TIMED {"dtype": "fp16", "rows": 64, "dim": 16, "scale": 0.25}
TIMED {"dtype": "fp16", "rows": 16384, "dim": 16, "scale": 1.0}
TIMED {"dtype": "fp16", "rows": 16384, "dim": 4, "scale": 1.0}
TIMED {"dtype": "bf16", "rows": 257, "dim": 16, "scale": 1.0}
TIMED {"dtype": "fp16", "rows": 4096, "dim": 16, "scale": 0.25}
TIMED {"dtype": "bf16", "rows": 1, "dim": 8, "scale": 0.35355339059327373}
TIMED {"dtype": "fp16", "rows": 17, "dim": 2, "scale": 0.7071067811865475}
TIMED {"dtype": "bf16", "rows": 17, "dim": 8, "scale": 0.35355339059327373}
TIMED {"dtype": "fp16", "rows": 64, "dim": 8, "scale": 0.35355339059327373}
TIMED {"dtype": "fp16", "rows": 16384, "dim": 2, "scale": 0.7071067811865475}
TIMED {"dtype": "bf16", "rows": 1, "dim": 16, "scale": 0.25}
TIMED {"dtype": "fp16", "rows": 257, "dim": 16, "scale": 1.0}
TIMED {"dtype": "fp16", "rows": 257, "dim": 2, "scale": 0.7071067811865475}
TIMED {"dtype": "bf16", "rows": 17, "dim": 16, "scale": 0.25}
TIMED {"dtype": "fp16", "rows": 17, "dim": 4, "scale": 0.5}
TIMED {"dtype": "fp16", "rows": 1, "dim": 4, "scale": 1.0}
TIMED {"dtype": "bf16", "rows": 64, "dim": 8, "scale": 1.0}
TIMED {"dtype": "fp16", "rows": 4096, "dim": 2, "scale": 1.0}
TIMED {"dtype": "fp16", "rows": 1, "dim": 2, "scale": 1.0}
TIMED {"dtype": "fp16", "rows": 257, "dim": 1, "scale": 1.0}
TIMED {"dtype": "bf16", "rows": 64, "dim": 4, "scale": 1.0}
TIMED {"dtype": "fp16", "rows": 64, "dim": 4, "scale": 0.5}
TIMED {"dtype": "bf16", "rows": 257, "dim": 2, "scale": 1.0}
TIMED {"dtype": "fp16", "rows": 16384, "dim": 8, "scale": 0.35355339059327373}
TIMED {"dtype": "fp16", "rows": 64, "dim": 8, "scale": 1.0}
TIMED {"dtype": "fp16", "rows": 4096, "dim": 4, "scale": 0.5}
TIMED {"dtype": "bf16", "rows": 17, "dim": 4, "scale": 1.0}
TIMED {"dtype": "bf16", "rows": 16384, "dim": 2, "scale": 0.7071067811865475}
TIMED {"dtype": "fp16", "rows": 17, "dim": 8, "scale": 1.0}
TIMED {"dtype": "bf16", "rows": 4096, "dim": 8, "scale": 0.35355339059327373}
TIMED {"dtype": "bf16", "rows": 16384, "dim": 16, "scale": 0.25}
TIMED {"dtype": "fp16", "rows": 64, "dim": 1, "scale": 1.0}
TIMED {"dtype": "bf16", "rows": 257, "dim": 8, "scale": 0.35355339059327373}
TIMED {"dtype": "bf16", "rows": 16384, "dim": 4, "scale": 1.0}
TIMED {"dtype": "fp16", "rows": 16384, "dim": 16, "scale": 0.25}
TIMED {"dtype": "bf16", "rows": 1, "dim": 1, "scale": 1.0}
TIMED {"dtype": "bf16", "rows": 16384, "dim": 1, "scale": 1.0}
TIMED {"dtype": "bf16", "rows": 16384, "dim": 16, "scale": 1.0}
TIMED {"dtype": "fp16", "rows": 17, "dim": 16, "scale": 0.25}
TIMED {"dtype": "fp16", "rows": 4096, "dim": 16, "scale": 1.0}
TIMED {"dtype": "fp16", "rows": 16384, "dim": 1, "scale": 1.0}
TIMED {"dtype": "bf16", "rows": 16384, "dim": 4, "scale": 0.5}
TIMED {"dtype": "bf16", "rows": 1, "dim": 2, "scale": 0.7071067811865475}
TIMED {"dtype": "fp16", "rows": 4096, "dim": 8, "scale": 0.35355339059327373}
TIMED {"dtype": "bf16", "rows": 4096, "dim": 1, "scale": 1.0}
TIMED {"dtype": "bf16", "rows": 16384, "dim": 2, "scale": 1.0}
TIMED {"dtype": "fp16", "rows": 64, "dim": 4, "scale": 1.0}
TIMED {"dtype": "fp16", "rows": 1, "dim": 2, "scale": 0.7071067811865475}
TIMED {"dtype": "bf16", "rows": 257, "dim": 4, "scale": 0.5}
TIMED {"dtype": "bf16", "rows": 1, "dim": 8, "scale": 1.0}
TIMED {"dtype": "bf16", "rows": 17, "dim": 2, "scale": 1.0}
TIMED {"dtype": "bf16", "rows": 4096, "dim": 2, "scale": 1.0}
TIMED {"dtype": "bf16", "rows": 4096, "dim": 8, "scale": 1.0}
TIMED {"dtype": "fp16", "rows": 1, "dim": 8, "scale": 0.35355339059327373}
TIMED {"dtype": "bf16", "rows": 64, "dim": 2, "scale": 1.0}
TIMED {"dtype": "bf16", "rows": 16384, "dim": 8, "scale": 1.0}
TIMED {"dtype": "bf16", "rows": 16384, "dim": 8, "scale": 0.35355339059327373}
TIMED {"dtype": "bf16", "rows": 1, "dim": 4, "scale": 0.5}
TIMED {"dtype": "bf16", "rows": 64, "dim": 1, "scale": 1.0}
TIMED {"dtype": "bf16", "rows": 17, "dim": 2, "scale": 0.7071067811865475}
TIMED {"dtype": "bf16", "rows": 64, "dim": 16, "scale": 1.0}
TIMED {"dtype": "bf16", "rows": 64, "dim": 8, "scale": 0.35355339059327373}
TIMED {"dtype": "bf16", "rows": 17, "dim": 1, "scale": 1.0}
TIMED {"dtype": "fp16", "rows": 64, "dim": 16, "scale": 1.0}
TIMED {"dtype": "fp16", "rows": 257, "dim": 8, "scale": 1.0}
TIMED {"dtype": "bf16", "rows": 4096, "dim": 16, "scale": 0.25}
TIMED {"dtype": "fp16", "rows": 257, "dim": 4, "scale": 0.5}
TIMED {"dtype": "bf16", "rows": 257, "dim": 1, "scale": 1.0}
TIMED {"dtype": "fp16", "rows": 257, "dim": 16, "scale": 0.25}
TIMED {"dtype": "bf16", "rows": 64, "dim": 16, "scale": 0.25}
TIMED {"dtype": "bf16", "rows": 17, "dim": 4, "scale": 0.5}
TIMED {"dtype": "bf16", "rows": 4096, "dim": 16, "scale": 1.0}
TIMED {"dtype": "fp16", "rows": 1, "dim": 8, "scale": 1.0}
TIMED {"dtype": "fp16", "rows": 1, "dim": 1, "scale": 1.0}
TIMED {"dtype": "bf16", "rows": 257, "dim": 8, "scale": 1.0}
TIMED {"dtype": "bf16", "rows": 17, "dim": 8, "scale": 1.0}
TIMED {"dtype": "fp16", "rows": 257, "dim": 8, "scale": 0.35355339059327373}
TIMED {"dtype": "fp16", "rows": 17, "dim": 1, "scale": 1.0}
TIMED {"dtype": "bf16", "rows": 1, "dim": 2, "scale": 1.0}
TIMED {"dtype": "fp16", "rows": 4096, "dim": 2, "scale": 0.7071067811865475}
TIMED {"dtype": "bf16", "rows": 4096, "dim": 2, "scale": 0.7071067811865475}
TIMED {"dtype": "bf16", "rows": 17, "dim": 16, "scale": 1.0}
TIMED {"dtype": "fp16", "rows": 17, "dim": 4, "scale": 1.0}
TIMED {"dtype": "fp16", "rows": 17, "dim": 2, "scale": 1.0}
TIMED {"dtype": "fp16", "rows": 64, "dim": 2, "scale": 0.7071067811865475}
