Detected CUDA files, patching ldflags
Emitting ninja build file /data/infinitensor-2026/experiments/nvidia-fused-integration-20260906/build/production/build.ninja...
Building extension module infinitensor_hadamard_cuda...
Using envvar MAX_JOBS (1) as the number of workers...
ninja: no work to do.
Loading extension module infinitensor_hadamard_cuda...
CHECKED_V2 {"dtype": "fp16", "rows": 16385, "dim": 256, "shape": [16385, 256], "normalized": false, "scale": 1.0}
CHECKED_V2 {"dtype": "fp16", "rows": 2, "dim": 256, "shape": [2, 256], "normalized": false, "scale": 1.0}
CHECKED_V2 {"dtype": "fp16", "rows": 255, "dim": 256, "shape": [255, 256], "normalized": true, "scale": 0.0625}
CHECKED_V2 {"dtype": "bf16", "rows": 256, "dim": 256, "shape": [256, 256], "normalized": false, "scale": 1.0}
CHECKED_V2 {"dtype": "bf16", "rows": 63, "dim": 256, "shape": [63, 256], "normalized": true, "scale": 0.0625}
CHECKED_V2 {"dtype": "bf16", "rows": 258, "dim": 256, "shape": [258, 256], "normalized": true, "scale": 0.0625}
CHECKED_V2 {"dtype": "bf16", "rows": 18, "dim": 256, "shape": [18, 256], "normalized": false, "scale": 1.0}
CHECKED_V2 {"dtype": "bf16", "rows": 16, "dim": 256, "shape": [16, 256], "normalized": true, "scale": 0.0625}
CHECKED_V2 {"dtype": "fp16", "rows": 18, "dim": 256, "shape": [18, 256], "normalized": true, "scale": 0.0625}
CHECKED_V2 {"dtype": "bf16", "rows": 4095, "dim": 256, "shape": [4095, 256], "normalized": false, "scale": 1.0}
CHECKED_V2 {"dtype": "bf16", "rows": 4097, "dim": 256, "shape": [4097, 256], "normalized": true, "scale": 0.0625}
CHECKED_V2 {"dtype": "fp16", "rows": 258, "dim": 256, "shape": [258, 256], "normalized": false, "scale": 1.0}
CHECKED_V2 {"dtype": "fp16", "rows": 63, "dim": 256, "shape": [63, 256], "normalized": false, "scale": 1.0}
CHECKED_V2 {"dtype": "bf16", "rows": 16385, "dim": 256, "shape": [16385, 256], "normalized": true, "scale": 0.0625}
CHECKED_V2 {"dtype": "fp16", "rows": 16, "dim": 256, "shape": [16, 256], "normalized": false, "scale": 1.0}
CHECKED_V2 {"dtype": "fp16", "rows": 258, "dim": 256, "shape": [258, 256], "normalized": true, "scale": 0.0625}
CHECKED_V2 {"dtype": "fp16", "rows": 63, "dim": 256, "shape": [63, 256], "normalized": true, "scale": 0.0625}
CHECKED_V2 {"dtype": "bf16", "rows": 65, "dim": 256, "shape": [65, 256], "normalized": true, "scale": 0.0625}
CHECKED_V2 {"dtype": "bf16", "rows": 63, "dim": 256, "shape": [63, 256], "normalized": false, "scale": 1.0}
CHECKED_V2 {"dtype": "bf16", "rows": 256, "dim": 256, "shape": [256, 256], "normalized": true, "scale": 0.0625}
CHECKED_V2 {"dtype": "bf16", "rows": 16383, "dim": 256, "shape": [16383, 256], "normalized": true, "scale": 0.0625}
CHECKED_V2 {"dtype": "fp16", "rows": 4095, "dim": 256, "shape": [4095, 256], "normalized": true, "scale": 0.0625}
CHECKED_V2 {"dtype": "fp16", "rows": 4097, "dim": 256, "shape": [4097, 256], "normalized": true, "scale": 0.0625}
CHECKED_V2 {"dtype": "fp16", "rows": 255, "dim": 256, "shape": [255, 256], "normalized": false, "scale": 1.0}
CHECKED_V2 {"dtype": "fp16", "rows": 3, "dim": 256, "shape": [3, 256], "normalized": true, "scale": 0.0625}
CHECKED_V2 {"dtype": "fp16", "rows": 16, "dim": 256, "shape": [16, 256], "normalized": true, "scale": 0.0625}
CHECKED_V2 {"dtype": "fp16", "rows": 65, "dim": 256, "shape": [65, 256], "normalized": false, "scale": 1.0}
CHECKED_V2 {"dtype": "bf16", "rows": 2, "dim": 256, "shape": [2, 256], "normalized": true, "scale": 0.0625}
CHECKED_V2 {"dtype": "fp16", "rows": 4097, "dim": 256, "shape": [4097, 256], "normalized": false, "scale": 1.0}
CHECKED_V2 {"dtype": "bf16", "rows": 16385, "dim": 256, "shape": [16385, 256], "normalized": false, "scale": 1.0}
CHECKED_V2 {"dtype": "bf16", "rows": 3, "dim": 256, "shape": [3, 256], "normalized": false, "scale": 1.0}
CHECKED_V2 {"dtype": "fp16", "rows": 4095, "dim": 256, "shape": [4095, 256], "normalized": false, "scale": 1.0}
CHECKED_V2 {"dtype": "bf16", "rows": 255, "dim": 256, "shape": [255, 256], "normalized": false, "scale": 1.0}
CHECKED_V2 {"dtype": "fp16", "rows": 16385, "dim": 256, "shape": [16385, 256], "normalized": true, "scale": 0.0625}
CHECKED_V2 {"dtype": "bf16", "rows": 18, "dim": 256, "shape": [18, 256], "normalized": true, "scale": 0.0625}
CHECKED_V2 {"dtype": "bf16", "rows": 4097, "dim": 256, "shape": [4097, 256], "normalized": false, "scale": 1.0}
CHECKED_V2 {"dtype": "fp16", "rows": 2, "dim": 256, "shape": [2, 256], "normalized": true, "scale": 0.0625}
CHECKED_V2 {"dtype": "bf16", "rows": 16, "dim": 256, "shape": [16, 256], "normalized": false, "scale": 1.0}
CHECKED_V2 {"dtype": "fp16", "rows": 256, "dim": 256, "shape": [256, 256], "normalized": true, "scale": 0.0625}
CHECKED_V2 {"dtype": "bf16", "rows": 255, "dim": 256, "shape": [255, 256], "normalized": true, "scale": 0.0625}
CHECKED_V2 {"dtype": "bf16", "rows": 4095, "dim": 256, "shape": [4095, 256], "normalized": true, "scale": 0.0625}
CHECKED_V2 {"dtype": "bf16", "rows": 65, "dim": 256, "shape": [65, 256], "normalized": false, "scale": 1.0}
CHECKED_V2 {"dtype": "fp16", "rows": 16383, "dim": 256, "shape": [16383, 256], "normalized": true, "scale": 0.0625}
CHECKED_V2 {"dtype": "fp16", "rows": 18, "dim": 256, "shape": [18, 256], "normalized": false, "scale": 1.0}
CHECKED_V2 {"dtype": "bf16", "rows": 2, "dim": 256, "shape": [2, 256], "normalized": false, "scale": 1.0}
CHECKED_V2 {"dtype": "bf16", "rows": 258, "dim": 256, "shape": [258, 256], "normalized": false, "scale": 1.0}
CHECKED_V2 {"dtype": "fp16", "rows": 65, "dim": 256, "shape": [65, 256], "normalized": true, "scale": 0.0625}
CHECKED_V2 {"dtype": "fp16", "rows": 256, "dim": 256, "shape": [256, 256], "normalized": false, "scale": 1.0}
CHECKED_V2 {"dtype": "fp16", "rows": 3, "dim": 256, "shape": [3, 256], "normalized": false, "scale": 1.0}
CHECKED_V2 {"dtype": "fp16", "rows": 16383, "dim": 256, "shape": [16383, 256], "normalized": false, "scale": 1.0}
CHECKED_V2 {"dtype": "bf16", "rows": 16383, "dim": 256, "shape": [16383, 256], "normalized": false, "scale": 1.0}
CHECKED_V2 {"dtype": "bf16", "rows": 3, "dim": 256, "shape": [3, 256], "normalized": true, "scale": 0.0625}
TIMED_V2 {"dtype": "fp16", "rows": 16385, "dim": 256, "shape": [16385, 256], "normalized": false, "scale": 1.0}
TIMED_V2 {"dtype": "fp16", "rows": 2, "dim": 256, "shape": [2, 256], "normalized": false, "scale": 1.0}
TIMED_V2 {"dtype": "fp16", "rows": 255, "dim": 256, "shape": [255, 256], "normalized": true, "scale": 0.0625}
TIMED_V2 {"dtype": "bf16", "rows": 256, "dim": 256, "shape": [256, 256], "normalized": false, "scale": 1.0}
TIMED_V2 {"dtype": "bf16", "rows": 63, "dim": 256, "shape": [63, 256], "normalized": true, "scale": 0.0625}
TIMED_V2 {"dtype": "bf16", "rows": 258, "dim": 256, "shape": [258, 256], "normalized": true, "scale": 0.0625}
TIMED_V2 {"dtype": "bf16", "rows": 18, "dim": 256, "shape": [18, 256], "normalized": false, "scale": 1.0}
TIMED_V2 {"dtype": "bf16", "rows": 16, "dim": 256, "shape": [16, 256], "normalized": true, "scale": 0.0625}
TIMED_V2 {"dtype": "fp16", "rows": 18, "dim": 256, "shape": [18, 256], "normalized": true, "scale": 0.0625}
TIMED_V2 {"dtype": "bf16", "rows": 4095, "dim": 256, "shape": [4095, 256], "normalized": false, "scale": 1.0}
TIMED_V2 {"dtype": "bf16", "rows": 4097, "dim": 256, "shape": [4097, 256], "normalized": true, "scale": 0.0625}
TIMED_V2 {"dtype": "fp16", "rows": 258, "dim": 256, "shape": [258, 256], "normalized": false, "scale": 1.0}
TIMED_V2 {"dtype": "fp16", "rows": 63, "dim": 256, "shape": [63, 256], "normalized": false, "scale": 1.0}
TIMED_V2 {"dtype": "bf16", "rows": 16385, "dim": 256, "shape": [16385, 256], "normalized": true, "scale": 0.0625}
TIMED_V2 {"dtype": "fp16", "rows": 16, "dim": 256, "shape": [16, 256], "normalized": false, "scale": 1.0}
TIMED_V2 {"dtype": "fp16", "rows": 258, "dim": 256, "shape": [258, 256], "normalized": true, "scale": 0.0625}
TIMED_V2 {"dtype": "fp16", "rows": 63, "dim": 256, "shape": [63, 256], "normalized": true, "scale": 0.0625}
TIMED_V2 {"dtype": "bf16", "rows": 65, "dim": 256, "shape": [65, 256], "normalized": true, "scale": 0.0625}
TIMED_V2 {"dtype": "bf16", "rows": 63, "dim": 256, "shape": [63, 256], "normalized": false, "scale": 1.0}
TIMED_V2 {"dtype": "bf16", "rows": 256, "dim": 256, "shape": [256, 256], "normalized": true, "scale": 0.0625}
TIMED_V2 {"dtype": "bf16", "rows": 16383, "dim": 256, "shape": [16383, 256], "normalized": true, "scale": 0.0625}
TIMED_V2 {"dtype": "fp16", "rows": 4095, "dim": 256, "shape": [4095, 256], "normalized": true, "scale": 0.0625}
TIMED_V2 {"dtype": "fp16", "rows": 4097, "dim": 256, "shape": [4097, 256], "normalized": true, "scale": 0.0625}
TIMED_V2 {"dtype": "fp16", "rows": 255, "dim": 256, "shape": [255, 256], "normalized": false, "scale": 1.0}
TIMED_V2 {"dtype": "fp16", "rows": 3, "dim": 256, "shape": [3, 256], "normalized": true, "scale": 0.0625}
TIMED_V2 {"dtype": "fp16", "rows": 16, "dim": 256, "shape": [16, 256], "normalized": true, "scale": 0.0625}
TIMED_V2 {"dtype": "fp16", "rows": 65, "dim": 256, "shape": [65, 256], "normalized": false, "scale": 1.0}
TIMED_V2 {"dtype": "bf16", "rows": 2, "dim": 256, "shape": [2, 256], "normalized": true, "scale": 0.0625}
TIMED_V2 {"dtype": "fp16", "rows": 4097, "dim": 256, "shape": [4097, 256], "normalized": false, "scale": 1.0}
TIMED_V2 {"dtype": "bf16", "rows": 16385, "dim": 256, "shape": [16385, 256], "normalized": false, "scale": 1.0}
TIMED_V2 {"dtype": "bf16", "rows": 3, "dim": 256, "shape": [3, 256], "normalized": false, "scale": 1.0}
TIMED_V2 {"dtype": "fp16", "rows": 4095, "dim": 256, "shape": [4095, 256], "normalized": false, "scale": 1.0}
TIMED_V2 {"dtype": "bf16", "rows": 255, "dim": 256, "shape": [255, 256], "normalized": false, "scale": 1.0}
TIMED_V2 {"dtype": "fp16", "rows": 16385, "dim": 256, "shape": [16385, 256], "normalized": true, "scale": 0.0625}
TIMED_V2 {"dtype": "bf16", "rows": 18, "dim": 256, "shape": [18, 256], "normalized": true, "scale": 0.0625}
TIMED_V2 {"dtype": "bf16", "rows": 4097, "dim": 256, "shape": [4097, 256], "normalized": false, "scale": 1.0}
TIMED_V2 {"dtype": "fp16", "rows": 2, "dim": 256, "shape": [2, 256], "normalized": true, "scale": 0.0625}
TIMED_V2 {"dtype": "bf16", "rows": 16, "dim": 256, "shape": [16, 256], "normalized": false, "scale": 1.0}
TIMED_V2 {"dtype": "fp16", "rows": 256, "dim": 256, "shape": [256, 256], "normalized": true, "scale": 0.0625}
TIMED_V2 {"dtype": "bf16", "rows": 255, "dim": 256, "shape": [255, 256], "normalized": true, "scale": 0.0625}
TIMED_V2 {"dtype": "bf16", "rows": 4095, "dim": 256, "shape": [4095, 256], "normalized": true, "scale": 0.0625}
TIMED_V2 {"dtype": "bf16", "rows": 65, "dim": 256, "shape": [65, 256], "normalized": false, "scale": 1.0}
TIMED_V2 {"dtype": "fp16", "rows": 16383, "dim": 256, "shape": [16383, 256], "normalized": true, "scale": 0.0625}
TIMED_V2 {"dtype": "fp16", "rows": 18, "dim": 256, "shape": [18, 256], "normalized": false, "scale": 1.0}
TIMED_V2 {"dtype": "bf16", "rows": 2, "dim": 256, "shape": [2, 256], "normalized": false, "scale": 1.0}
TIMED_V2 {"dtype": "bf16", "rows": 258, "dim": 256, "shape": [258, 256], "normalized": false, "scale": 1.0}
TIMED_V2 {"dtype": "fp16", "rows": 65, "dim": 256, "shape": [65, 256], "normalized": true, "scale": 0.0625}
TIMED_V2 {"dtype": "fp16", "rows": 256, "dim": 256, "shape": [256, 256], "normalized": false, "scale": 1.0}
TIMED_V2 {"dtype": "fp16", "rows": 3, "dim": 256, "shape": [3, 256], "normalized": false, "scale": 1.0}
TIMED_V2 {"dtype": "fp16", "rows": 16383, "dim": 256, "shape": [16383, 256], "normalized": false, "scale": 1.0}
TIMED_V2 {"dtype": "bf16", "rows": 16383, "dim": 256, "shape": [16383, 256], "normalized": false, "scale": 1.0}
TIMED_V2 {"dtype": "bf16", "rows": 3, "dim": 256, "shape": [3, 256], "normalized": true, "scale": 0.0625}
{"status": "PASS", "summary": {"distinct_configurations": 52, "correctness_input_conditions": 728, "graph_comparisons": 52, "v1_samples_imported": 0, "legacy_rounded_dense_threshold_would_fail_conditions": 2}, "output": "/data/infinitensor-2026/experiments/nvidia-fused-integration-20260906/revised_v2/runs_20260907/run1.json"}
