ptxas info    : 0 bytes gmem
ptxas info    : Compiling entry function '_ZN10wmma_reuse16four_warp_kernelI13__nv_bfloat16Li256EEEvPKT_S4_PS2_mf' for 'sm_89'
ptxas info    : Function properties for _ZN10wmma_reuse16four_warp_kernelI13__nv_bfloat16Li256EEEvPKT_S4_PS2_mf
    0 bytes stack frame, 0 bytes spill stores, 0 bytes spill loads
ptxas info    : Used 40 registers, used 1 barriers, 12288 bytes smem, 388 bytes cmem[0]
ptxas info    : Compile time = 26.703 ms
ptxas info    : Compiling entry function '_ZN10wmma_reuse16four_warp_kernelI13__nv_bfloat16Li128EEEvPKT_S4_PS2_mf' for 'sm_89'
ptxas info    : Function properties for _ZN10wmma_reuse16four_warp_kernelI13__nv_bfloat16Li128EEEvPKT_S4_PS2_mf
    0 bytes stack frame, 0 bytes spill stores, 0 bytes spill loads
ptxas info    : Used 40 registers, used 1 barriers, 8192 bytes smem, 388 bytes cmem[0]
ptxas info    : Compile time = 15.857 ms
ptxas info    : Compiling entry function '_ZN10wmma_reuse16four_warp_kernelI13__nv_bfloat16Li64EEEvPKT_S4_PS2_mf' for 'sm_89'
ptxas info    : Function properties for _ZN10wmma_reuse16four_warp_kernelI13__nv_bfloat16Li64EEEvPKT_S4_PS2_mf
    0 bytes stack frame, 0 bytes spill stores, 0 bytes spill loads
ptxas info    : Used 40 registers, used 1 barriers, 6144 bytes smem, 388 bytes cmem[0]
ptxas info    : Compile time = 11.650 ms
ptxas info    : Compiling entry function '_ZN10wmma_reuse16four_warp_kernelI13__nv_bfloat16Li32EEEvPKT_S4_PS2_mf' for 'sm_89'
ptxas info    : Function properties for _ZN10wmma_reuse16four_warp_kernelI13__nv_bfloat16Li32EEEvPKT_S4_PS2_mf
    0 bytes stack frame, 0 bytes spill stores, 0 bytes spill loads
ptxas info    : Used 36 registers, used 1 barriers, 5120 bytes smem, 388 bytes cmem[0]
ptxas info    : Compile time = 9.487 ms
ptxas info    : Compiling entry function '_ZN10wmma_reuse16four_warp_kernelI13__nv_bfloat16Li16EEEvPKT_S4_PS2_mf' for 'sm_89'
ptxas info    : Function properties for _ZN10wmma_reuse16four_warp_kernelI13__nv_bfloat16Li16EEEvPKT_S4_PS2_mf
    0 bytes stack frame, 0 bytes spill stores, 0 bytes spill loads
ptxas info    : Used 24 registers, used 1 barriers, 4608 bytes smem, 388 bytes cmem[0]
ptxas info    : Compile time = 8.215 ms
ptxas info    : Compiling entry function '_ZN10wmma_reuse16four_warp_kernelI6__halfLi256EEEvPKT_S4_PS2_mf' for 'sm_89'
ptxas info    : Function properties for _ZN10wmma_reuse16four_warp_kernelI6__halfLi256EEEvPKT_S4_PS2_mf
    0 bytes stack frame, 0 bytes spill stores, 0 bytes spill loads
ptxas info    : Used 41 registers, used 1 barriers, 12288 bytes smem, 388 bytes cmem[0]
ptxas info    : Compile time = 21.510 ms
ptxas info    : Compiling entry function '_ZN10wmma_reuse16four_warp_kernelI6__halfLi128EEEvPKT_S4_PS2_mf' for 'sm_89'
ptxas info    : Function properties for _ZN10wmma_reuse16four_warp_kernelI6__halfLi128EEEvPKT_S4_PS2_mf
    0 bytes stack frame, 0 bytes spill stores, 0 bytes spill loads
ptxas info    : Used 42 registers, used 1 barriers, 8192 bytes smem, 388 bytes cmem[0]
ptxas info    : Compile time = 14.800 ms
ptxas info    : Compiling entry function '_ZN10wmma_reuse16four_warp_kernelI6__halfLi64EEEvPKT_S4_PS2_mf' for 'sm_89'
ptxas info    : Function properties for _ZN10wmma_reuse16four_warp_kernelI6__halfLi64EEEvPKT_S4_PS2_mf
    0 bytes stack frame, 0 bytes spill stores, 0 bytes spill loads
ptxas info    : Used 40 registers, used 1 barriers, 6144 bytes smem, 388 bytes cmem[0]
ptxas info    : Compile time = 10.810 ms
ptxas info    : Compiling entry function '_ZN10wmma_reuse16four_warp_kernelI6__halfLi32EEEvPKT_S4_PS2_mf' for 'sm_89'
ptxas info    : Function properties for _ZN10wmma_reuse16four_warp_kernelI6__halfLi32EEEvPKT_S4_PS2_mf
    0 bytes stack frame, 0 bytes spill stores, 0 bytes spill loads
ptxas info    : Used 33 registers, used 1 barriers, 5120 bytes smem, 388 bytes cmem[0]
ptxas info    : Compile time = 9.239 ms
ptxas info    : Compiling entry function '_ZN10wmma_reuse16four_warp_kernelI6__halfLi16EEEvPKT_S4_PS2_mf' for 'sm_89'
ptxas info    : Function properties for _ZN10wmma_reuse16four_warp_kernelI6__halfLi16EEEvPKT_S4_PS2_mf
    0 bytes stack frame, 0 bytes spill stores, 0 bytes spill loads
ptxas info    : Used 25 registers, used 1 barriers, 4608 bytes smem, 388 bytes cmem[0]
ptxas info    : Compile time = 8.338 ms
ptxas info    : Compiling entry function '_ZN8hadamard11warp_kernelI13__nv_bfloat16Li256ELb1ELb0EEEvPKT_PS2_PhPfmf' for 'sm_89'
ptxas info    : Function properties for _ZN8hadamard11warp_kernelI13__nv_bfloat16Li256ELb1ELb0EEEvPKT_PS2_PhPfmf
    0 bytes stack frame, 0 bytes spill stores, 0 bytes spill loads
ptxas info    : Used 23 registers, used 0 barriers, 396 bytes cmem[0]
ptxas info    : Compile time = 11.076 ms
ptxas info    : Compiling entry function '_ZN8hadamard18tensor_core_kernelI13__nv_bfloat16Li256EEEvPKT_S4_PS2_mf' for 'sm_89'
ptxas info    : Function properties for _ZN8hadamard18tensor_core_kernelI13__nv_bfloat16Li256EEEvPKT_S4_PS2_mf
    0 bytes stack frame, 0 bytes spill stores, 0 bytes spill loads
ptxas info    : Used 44 registers, used 1 barriers, 9216 bytes smem, 388 bytes cmem[0]
ptxas info    : Compile time = 21.115 ms
ptxas info    : Compiling entry function '_ZN8hadamard11warp_kernelI13__nv_bfloat16Li128ELb1ELb0EEEvPKT_PS2_PhPfmf' for 'sm_89'
ptxas info    : Function properties for _ZN8hadamard11warp_kernelI13__nv_bfloat16Li128ELb1ELb0EEEvPKT_PS2_PhPfmf
    0 bytes stack frame, 0 bytes spill stores, 0 bytes spill loads
ptxas info    : Used 21 registers, used 0 barriers, 396 bytes cmem[0]
ptxas info    : Compile time = 6.117 ms
ptxas info    : Compiling entry function '_ZN8hadamard18tensor_core_kernelI13__nv_bfloat16Li128EEEvPKT_S4_PS2_mf' for 'sm_89'
ptxas info    : Function properties for _ZN8hadamard18tensor_core_kernelI13__nv_bfloat16Li128EEEvPKT_S4_PS2_mf
    0 bytes stack frame, 0 bytes spill stores, 0 bytes spill loads
ptxas info    : Used 40 registers, used 1 barriers, 5120 bytes smem, 388 bytes cmem[0]
ptxas info    : Compile time = 12.450 ms
ptxas info    : Compiling entry function '_ZN8hadamard11warp_kernelI13__nv_bfloat16Li64ELb1ELb0EEEvPKT_PS2_PhPfmf' for 'sm_89'
ptxas info    : Function properties for _ZN8hadamard11warp_kernelI13__nv_bfloat16Li64ELb1ELb0EEEvPKT_PS2_PhPfmf
    0 bytes stack frame, 0 bytes spill stores, 0 bytes spill loads
ptxas info    : Used 16 registers, used 0 barriers, 396 bytes cmem[0]
ptxas info    : Compile time = 3.625 ms
ptxas info    : Compiling entry function '_ZN8hadamard18tensor_core_kernelI13__nv_bfloat16Li64EEEvPKT_S4_PS2_mf' for 'sm_89'
ptxas info    : Function properties for _ZN8hadamard18tensor_core_kernelI13__nv_bfloat16Li64EEEvPKT_S4_PS2_mf
    0 bytes stack frame, 0 bytes spill stores, 0 bytes spill loads
ptxas info    : Used 40 registers, used 1 barriers, 3072 bytes smem, 388 bytes cmem[0]
ptxas info    : Compile time = 7.917 ms
ptxas info    : Compiling entry function '_ZN8hadamard11warp_kernelI13__nv_bfloat16Li32ELb1ELb0EEEvPKT_PS2_PhPfmf' for 'sm_89'
ptxas info    : Function properties for _ZN8hadamard11warp_kernelI13__nv_bfloat16Li32ELb1ELb0EEEvPKT_PS2_PhPfmf
    0 bytes stack frame, 0 bytes spill stores, 0 bytes spill loads
ptxas info    : Used 11 registers, used 0 barriers, 396 bytes cmem[0]
ptxas info    : Compile time = 2.528 ms
ptxas info    : Compiling entry function '_ZN8hadamard18tensor_core_kernelI13__nv_bfloat16Li32EEEvPKT_S4_PS2_mf' for 'sm_89'
ptxas info    : Function properties for _ZN8hadamard18tensor_core_kernelI13__nv_bfloat16Li32EEEvPKT_S4_PS2_mf
    0 bytes stack frame, 0 bytes spill stores, 0 bytes spill loads
ptxas info    : Used 32 registers, used 1 barriers, 2048 bytes smem, 388 bytes cmem[0]
ptxas info    : Compile time = 5.938 ms
ptxas info    : Compiling entry function '_ZN8hadamard11warp_kernelI13__nv_bfloat16Li16ELb1ELb0EEEvPKT_PS2_PhPfmf' for 'sm_89'
ptxas info    : Function properties for _ZN8hadamard11warp_kernelI13__nv_bfloat16Li16ELb1ELb0EEEvPKT_PS2_PhPfmf
    0 bytes stack frame, 0 bytes spill stores, 0 bytes spill loads
ptxas info    : Used 13 registers, used 0 barriers, 396 bytes cmem[0]
ptxas info    : Compile time = 2.709 ms
ptxas info    : Compiling entry function '_ZN8hadamard18tensor_core_kernelI13__nv_bfloat16Li16EEEvPKT_S4_PS2_mf' for 'sm_89'
ptxas info    : Function properties for _ZN8hadamard18tensor_core_kernelI13__nv_bfloat16Li16EEEvPKT_S4_PS2_mf
    0 bytes stack frame, 0 bytes spill stores, 0 bytes spill loads
ptxas info    : Used 22 registers, used 1 barriers, 1536 bytes smem, 388 bytes cmem[0]
ptxas info    : Compile time = 4.747 ms
ptxas info    : Compiling entry function '_ZN8hadamard11warp_kernelI6__halfLi256ELb1ELb0EEEvPKT_PS2_PhPfmf' for 'sm_89'
ptxas info    : Function properties for _ZN8hadamard11warp_kernelI6__halfLi256ELb1ELb0EEEvPKT_PS2_PhPfmf
    0 bytes stack frame, 0 bytes spill stores, 0 bytes spill loads
ptxas info    : Used 23 registers, used 0 barriers, 396 bytes cmem[0]
ptxas info    : Compile time = 11.344 ms
ptxas info    : Compiling entry function '_ZN8hadamard18tensor_core_kernelI6__halfLi256EEEvPKT_S4_PS2_mf' for 'sm_89'
ptxas info    : Function properties for _ZN8hadamard18tensor_core_kernelI6__halfLi256EEEvPKT_S4_PS2_mf
    0 bytes stack frame, 0 bytes spill stores, 0 bytes spill loads
ptxas info    : Used 40 registers, used 1 barriers, 9216 bytes smem, 388 bytes cmem[0]
ptxas info    : Compile time = 17.794 ms
ptxas info    : Compiling entry function '_ZN8hadamard11warp_kernelI6__halfLi128ELb1ELb0EEEvPKT_PS2_PhPfmf' for 'sm_89'
ptxas info    : Function properties for _ZN8hadamard11warp_kernelI6__halfLi128ELb1ELb0EEEvPKT_PS2_PhPfmf
    0 bytes stack frame, 0 bytes spill stores, 0 bytes spill loads
ptxas info    : Used 21 registers, used 0 barriers, 396 bytes cmem[0]
ptxas info    : Compile time = 6.060 ms
ptxas info    : Compiling entry function '_ZN8hadamard18tensor_core_kernelI6__halfLi128EEEvPKT_S4_PS2_mf' for 'sm_89'
ptxas info    : Function properties for _ZN8hadamard18tensor_core_kernelI6__halfLi128EEEvPKT_S4_PS2_mf
    0 bytes stack frame, 0 bytes spill stores, 0 bytes spill loads
ptxas info    : Used 44 registers, used 1 barriers, 5120 bytes smem, 388 bytes cmem[0]
ptxas info    : Compile time = 10.991 ms
ptxas info    : Compiling entry function '_ZN8hadamard11warp_kernelI6__halfLi64ELb1ELb0EEEvPKT_PS2_PhPfmf' for 'sm_89'
ptxas info    : Function properties for _ZN8hadamard11warp_kernelI6__halfLi64ELb1ELb0EEEvPKT_PS2_PhPfmf
    0 bytes stack frame, 0 bytes spill stores, 0 bytes spill loads
ptxas info    : Used 16 registers, used 0 barriers, 396 bytes cmem[0]
ptxas info    : Compile time = 3.580 ms
ptxas info    : Compiling entry function '_ZN8hadamard18tensor_core_kernelI6__halfLi64EEEvPKT_S4_PS2_mf' for 'sm_89'
ptxas info    : Function properties for _ZN8hadamard18tensor_core_kernelI6__halfLi64EEEvPKT_S4_PS2_mf
    0 bytes stack frame, 0 bytes spill stores, 0 bytes spill loads
ptxas info    : Used 40 registers, used 1 barriers, 3072 bytes smem, 388 bytes cmem[0]
ptxas info    : Compile time = 7.316 ms
ptxas info    : Compiling entry function '_ZN8hadamard11warp_kernelI6__halfLi32ELb1ELb0EEEvPKT_PS2_PhPfmf' for 'sm_89'
ptxas info    : Function properties for _ZN8hadamard11warp_kernelI6__halfLi32ELb1ELb0EEEvPKT_PS2_PhPfmf
    0 bytes stack frame, 0 bytes spill stores, 0 bytes spill loads
ptxas info    : Used 11 registers, used 0 barriers, 396 bytes cmem[0]
ptxas info    : Compile time = 2.509 ms
ptxas info    : Compiling entry function '_ZN8hadamard18tensor_core_kernelI6__halfLi32EEEvPKT_S4_PS2_mf' for 'sm_89'
ptxas info    : Function properties for _ZN8hadamard18tensor_core_kernelI6__halfLi32EEEvPKT_S4_PS2_mf
    0 bytes stack frame, 0 bytes spill stores, 0 bytes spill loads
ptxas info    : Used 31 registers, used 1 barriers, 2048 bytes smem, 388 bytes cmem[0]
ptxas info    : Compile time = 5.755 ms
ptxas info    : Compiling entry function '_ZN8hadamard11warp_kernelI6__halfLi16ELb1ELb0EEEvPKT_PS2_PhPfmf' for 'sm_89'
ptxas info    : Function properties for _ZN8hadamard11warp_kernelI6__halfLi16ELb1ELb0EEEvPKT_PS2_PhPfmf
    0 bytes stack frame, 0 bytes spill stores, 0 bytes spill loads
ptxas info    : Used 13 registers, used 0 barriers, 396 bytes cmem[0]
ptxas info    : Compile time = 2.706 ms
ptxas info    : Compiling entry function '_ZN8hadamard18tensor_core_kernelI6__halfLi16EEEvPKT_S4_PS2_mf' for 'sm_89'
ptxas info    : Function properties for _ZN8hadamard18tensor_core_kernelI6__halfLi16EEEvPKT_S4_PS2_mf
    0 bytes stack frame, 0 bytes spill stores, 0 bytes spill loads
ptxas info    : Used 22 registers, used 1 barriers, 1536 bytes smem, 388 bytes cmem[0]
ptxas info    : Compile time = 4.824 ms
ptxas info    : Compiling entry function '_ZN8hadamard15butterfly_stageEPKfPfmi' for 'sm_89'
ptxas info    : Function properties for _ZN8hadamard15butterfly_stageEPKfPfmi
    0 bytes stack frame, 0 bytes spill stores, 0 bytes spill loads
ptxas info    : Used 12 registers, used 0 barriers, 380 bytes cmem[0]
ptxas info    : Compile time = 1.392 ms
