mx-smi  version: 2.2.6

=================== MetaX System Management Interface Log ===================
Timestamp                                         : Sat Sep  5 14:06:47 2026

Attached GPUs                                     : 1
+---------------------------------------------------------------------------------+
| MX-SMI 2.2.6                        Kernel Mode Driver Version: 3.8.30          |
| MACA Version: 3.0.0.8               BIOS Version: 1.33.5.0                      |
|------------------------------------+---------------------+----------------------+
| GPU     NAME         Persistence-M | Bus-id              | GPU-Util      sGPU-M |
| Temp    Pwr:Usage/Cap         Perf | Memory-Usage        | GPU-State            |
|====================================+=====================+======================|
| 0       MetaX C500             Off | 0000:10:00.0        | 82%            *sGPU |
| 36C     99W / 350W              P9 | 826/65536 MiB       | Available            |
+------------------------------------+---------------------+----------------------+

+---------------------------------------------------------------------------------+
| Sliced GPU                                                                      |
|------------------------------------+---------------------+----------------------+
| Minor    GPU    sGPU-Id    Compute | Vram Quota          | sGPU-Util            |
|====================================+=====================+======================|
| 005      0      1          25%     | 0/16000 MiB         | 82%                  |
+------------------------------------+---------------------+----------------------+

+---------------------------------------------------------------------------------+
| Process:                                                                        |
|  GPU                    PID         Process Name                 GPU Memory     |
|                                                                  Usage(MiB)     |
|=================================================================================|
|  no process found                                                               |
+---------------------------------------------------------------------------------+

End of Log
